Analysis & Synthesis report for clock
Sat Feb 18 14:01:30 2023
Quartus II Version 8.1 Build 163 10/28/2008 SJ Web Edition


---------------------
; Table of Contents ;
---------------------
  1. Legal Notice
  2. Analysis & Synthesis Summary
  3. Analysis & Synthesis Settings
  4. Analysis & Synthesis Source Files Read
  5. Analysis & Synthesis Resource Usage Summary
  6. Analysis & Synthesis Resource Utilization by Entity
  7. General Register Statistics
  8. Parameter Settings for User Entity Instance: Top-level Entity: |bfp16_mul
  9. Parameter Settings for User Entity Instance: full_adder:full_adder_c1
 10. Parameter Settings for User Entity Instance: full_adder:full_adder_c2
 11. Parameter Settings for User Entity Instance: full_adder:full_adder_d
 12. Parameter Settings for User Entity Instance: full_adder:full_adder_e
 13. Parameter Settings for User Entity Instance: adder_b:fast_adder_final
 14. Parameter Settings for User Entity Instance: adder_b:fast_adder_final|add_submodule_a:ASSIGN_GEN[3].add_submodule_a
 15. Parameter Settings for User Entity Instance: adder_b:fast_adder_final|add_submodule_a:ASSIGN_GEN[4].add_submodule_a
 16. Parameter Settings for User Entity Instance: adder_b:fast_adder_final|add_submodule_a:ASSIGN_GEN[5].add_submodule_a
 17. Parameter Settings for User Entity Instance: adder_b:fast_adder_final|add_submodule_a:ASSIGN_GEN[6].add_submodule_a
 18. Parameter Settings for User Entity Instance: adder_b:fast_adder_final|add_submodule_a:ASSIGN_GEN[7].add_submodule_a
 19. Parameter Settings for User Entity Instance: adder_b:fast_adder_final|add_submodule_a:ASSIGN_GEN[8].add_submodule_a
 20. Parameter Settings for User Entity Instance: adder_b:fast_adder_final|add_submodule_a:ASSIGN_GEN[9].add_submodule_a
 21. Parameter Settings for User Entity Instance: adder_b:fast_adder_final|add_submodule_a:ASSIGN_GEN[10].add_submodule_a
 22. Parameter Settings for User Entity Instance: adder_b:fast_adder_final|add_submodule_a:ASSIGN_GEN[11].add_submodule_a
 23. Parameter Settings for User Entity Instance: adder_b:fast_adder_final|add_submodule_a:ASSIGN_GEN[12].add_submodule_a
 24. Parameter Settings for User Entity Instance: adder_b:fast_adder_final|add_submodule_a:ASSIGN_GEN[13].add_submodule_a
 25. Analysis & Synthesis Messages



----------------
; Legal Notice ;
----------------
Copyright (C) 1991-2008 Altera Corporation
Your use of Altera Corporation's design tools, logic functions 
and other software and tools, and its AMPP partner logic 
functions, and any output files from any of the foregoing 
(including device programming or simulation files), and any 
associated documentation or information are expressly subject 
to the terms and conditions of the Altera Program License 
Subscription Agreement, Altera MegaCore Function License 
Agreement, or other applicable license agreement, including, 
without limitation, that your use is for the sole purpose of 
programming logic devices manufactured by Altera and sold by 
Altera or its authorized distributors.  Please refer to the 
applicable agreement for further details.



+------------------------------------------------------------------------------+
; Analysis & Synthesis Summary                                                 ;
+------------------------------------+-----------------------------------------+
; Analysis & Synthesis Status        ; Successful - Sat Feb 18 14:01:30 2023   ;
; Quartus II Version                 ; 8.1 Build 163 10/28/2008 SJ Web Edition ;
; Revision Name                      ; clock                                   ;
; Top-level Entity Name              ; bfp16_mul                               ;
; Family                             ; Cyclone III                             ;
; Total logic elements               ; 29                                      ;
;     Total combinational functions  ; 29                                      ;
;     Dedicated logic registers      ; 0                                       ;
; Total registers                    ; 0                                       ;
; Total pins                         ; 64                                      ;
; Total virtual pins                 ; 0                                       ;
; Total memory bits                  ; 0                                       ;
; Embedded Multiplier 9-bit elements ; 0                                       ;
; Total PLLs                         ; 0                                       ;
+------------------------------------+-----------------------------------------+


+----------------------------------------------------------------------------------------------------------+
; Analysis & Synthesis Settings                                                                            ;
+----------------------------------------------------------------+--------------------+--------------------+
; Option                                                         ; Setting            ; Default Value      ;
+----------------------------------------------------------------+--------------------+--------------------+
; Device                                                         ; EP3C120F780I7      ;                    ;
; Top-level entity name                                          ; bfp16_mul          ; clock              ;
; Family name                                                    ; Cyclone III        ; Cyclone IV GX      ;
; Use Generated Physical Constraints File                        ; Off                ;                    ;
; Use smart compilation                                          ; Off                ; Off                ;
; Restructure Multiplexers                                       ; Auto               ; Auto               ;
; Create Debugging Nodes for IP Cores                            ; Off                ; Off                ;
; Preserve fewer node names                                      ; On                 ; On                 ;
; Disable OpenCore Plus hardware evaluation                      ; Off                ; Off                ;
; Verilog Version                                                ; Verilog_2001       ; Verilog_2001       ;
; VHDL Version                                                   ; VHDL93             ; VHDL93             ;
; State Machine Processing                                       ; Auto               ; Auto               ;
; Safe State Machine                                             ; Off                ; Off                ;
; Extract Verilog State Machines                                 ; On                 ; On                 ;
; Extract VHDL State Machines                                    ; On                 ; On                 ;
; Ignore Verilog initial constructs                              ; Off                ; Off                ;
; Iteration limit for constant Verilog loops                     ; 5000               ; 5000               ;
; Iteration limit for non-constant Verilog loops                 ; 250                ; 250                ;
; Add Pass-Through Logic to Inferred RAMs                        ; On                 ; On                 ;
; Parallel Synthesis                                             ; Off                ; Off                ;
; DSP Block Balancing                                            ; Auto               ; Auto               ;
; NOT Gate Push-Back                                             ; On                 ; On                 ;
; Power-Up Don't Care                                            ; On                 ; On                 ;
; Remove Redundant Logic Cells                                   ; Off                ; Off                ;
; Remove Duplicate Registers                                     ; On                 ; On                 ;
; Ignore CARRY Buffers                                           ; Off                ; Off                ;
; Ignore CASCADE Buffers                                         ; Off                ; Off                ;
; Ignore GLOBAL Buffers                                          ; Off                ; Off                ;
; Ignore ROW GLOBAL Buffers                                      ; Off                ; Off                ;
; Ignore LCELL Buffers                                           ; Off                ; Off                ;
; Ignore SOFT Buffers                                            ; On                 ; On                 ;
; Limit AHDL Integers to 32 Bits                                 ; Off                ; Off                ;
; Optimization Technique                                         ; Balanced           ; Balanced           ;
; Carry Chain Length                                             ; 70                 ; 70                 ;
; Auto Carry Chains                                              ; On                 ; On                 ;
; Auto Open-Drain Pins                                           ; On                 ; On                 ;
; Perform WYSIWYG Primitive Resynthesis                          ; Off                ; Off                ;
; Perform gate-level register retiming                           ; Off                ; Off                ;
; Allow register retiming to trade off Tsu/Tco with Fmax         ; On                 ; On                 ;
; Auto ROM Replacement                                           ; On                 ; On                 ;
; Auto RAM Replacement                                           ; On                 ; On                 ;
; Auto DSP Block Replacement                                     ; On                 ; On                 ;
; Auto Shift Register Replacement                                ; Auto               ; Auto               ;
; Auto Clock Enable Replacement                                  ; On                 ; On                 ;
; Strict RAM Replacement                                         ; Off                ; Off                ;
; Allow Synchronous Control Signals                              ; On                 ; On                 ;
; Force Use of Synchronous Clear Signals                         ; Off                ; Off                ;
; Auto RAM Block Balancing                                       ; On                 ; On                 ;
; Auto RAM to Logic Cell Conversion                              ; Off                ; Off                ;
; Auto Resource Sharing                                          ; Off                ; Off                ;
; Allow Any RAM Size For Recognition                             ; Off                ; Off                ;
; Allow Any ROM Size For Recognition                             ; Off                ; Off                ;
; Allow Any Shift Register Size For Recognition                  ; Off                ; Off                ;
; Use LogicLock Constraints during Resource Balancing            ; On                 ; On                 ;
; Ignore translate_off and synthesis_off directives              ; Off                ; Off                ;
; Show Parameter Settings Tables in Synthesis Report             ; On                 ; On                 ;
; Ignore Maximum Fan-Out Assignments                             ; Off                ; Off                ;
; Synchronization Register Chain Length                          ; 3                  ; 3                  ;
; PowerPlay Power Optimization                                   ; Normal compilation ; Normal compilation ;
; HDL message level                                              ; Level2             ; Level2             ;
; Suppress Register Optimization Related Messages                ; Off                ; Off                ;
; Number of Removed Registers Reported in Synthesis Report       ; 5000               ; 5000               ;
; Number of Inverted Registers Reported in Synthesis Report      ; 100                ; 100                ;
; Clock MUX Protection                                           ; On                 ; On                 ;
; Auto Gated Clock Conversion                                    ; Off                ; Off                ;
; Block Design Naming                                            ; Auto               ; Auto               ;
; SDC constraint protection                                      ; Off                ; Off                ;
; Synthesis Effort                                               ; Auto               ; Auto               ;
; Allows Asynchronous Clear Usage For Shift Register Replacement ; On                 ; On                 ;
; Analysis & Synthesis Message Level                             ; Medium             ; Medium             ;
+----------------------------------------------------------------+--------------------+--------------------+


+-----------------------------------------------------------------------------------------------------------------+
; Analysis & Synthesis Source Files Read                                                                          ;
+----------------------------------+-----------------+------------------------+-----------------------------------+
; File Name with User-Entered Path ; Used in Netlist ; File Type              ; File Name with Absolute Path      ;
+----------------------------------+-----------------+------------------------+-----------------------------------+
; adder32_2.v                      ; yes             ; User Verilog HDL File  ; D:/SE/RISCV/quartus/adder32_2.v   ;
; float_mul_1.v                    ; yes             ; User Verilog HDL File  ; D:/SE/RISCV/quartus/float_mul_1.v ;
+----------------------------------+-----------------+------------------------+-----------------------------------+


+----------------------------------------------------------+
; Analysis & Synthesis Resource Usage Summary              ;
+---------------------------------------------+------------+
; Resource                                    ; Usage      ;
+---------------------------------------------+------------+
; Estimated Total logic elements              ; 29         ;
;                                             ;            ;
; Total combinational functions               ; 29         ;
; Logic element usage by number of LUT inputs ;            ;
;     -- 4 input functions                    ; 17         ;
;     -- 3 input functions                    ; 4          ;
;     -- <=2 input functions                  ; 8          ;
;                                             ;            ;
; Logic elements by mode                      ;            ;
;     -- normal mode                          ; 29         ;
;     -- arithmetic mode                      ; 0          ;
;                                             ;            ;
; Total registers                             ; 0          ;
;     -- Dedicated logic registers            ; 0          ;
;     -- I/O registers                        ; 0          ;
;                                             ;            ;
; I/O pins                                    ; 64         ;
; Maximum fan-out node                        ; a[0]~input ;
; Maximum fan-out                             ; 9          ;
; Total fan-out                               ; 170        ;
; Average fan-out                             ; 1.08       ;
+---------------------------------------------+------------+


+----------------------------------------------------------------------------------------------------------------------------------------------------------------------------------------------------------------------------------------------------------------------+
; Analysis & Synthesis Resource Utilization by Entity                                                                                                                                                                                                                  ;
+-------------------------------------------------------+-------------------+--------------+-------------+--------------+---------+-----------+------+--------------+-----------------------------------------------------------------------------------+--------------+
; Compilation Hierarchy Node                            ; LC Combinationals ; LC Registers ; Memory Bits ; DSP Elements ; DSP 9x9 ; DSP 18x18 ; Pins ; Virtual Pins ; Full Hierarchy Name                                                               ; Library Name ;
+-------------------------------------------------------+-------------------+--------------+-------------+--------------+---------+-----------+------+--------------+-----------------------------------------------------------------------------------+--------------+
; |bfp16_mul                                            ; 29 (6)            ; 0 (0)        ; 0           ; 0            ; 0       ; 0         ; 64   ; 0            ; |bfp16_mul                                                                        ; work         ;
;    |adder_b:fast_adder_final|                         ; 11 (10)           ; 0 (0)        ; 0           ; 0            ; 0       ; 0         ; 0    ; 0            ; |bfp16_mul|adder_b:fast_adder_final                                               ; work         ;
;       |add_submodule_a:ASSIGN_GEN[6].add_submodule_a| ; 1 (1)             ; 0 (0)        ; 0           ; 0            ; 0       ; 0         ; 0    ; 0            ; |bfp16_mul|adder_b:fast_adder_final|add_submodule_a:ASSIGN_GEN[6].add_submodule_a ; work         ;
;    |full_adder:full_adder_d|                          ; 2 (0)             ; 0 (0)        ; 0           ; 0            ; 0       ; 0         ; 0    ; 0            ; |bfp16_mul|full_adder:full_adder_d                                                ; work         ;
;       |full_adder_single:ASSIGN_GEN[0].fa_single|     ; 2 (2)             ; 0 (0)        ; 0           ; 0            ; 0       ; 0         ; 0    ; 0            ; |bfp16_mul|full_adder:full_adder_d|full_adder_single:ASSIGN_GEN[0].fa_single      ; work         ;
;    |full_adder:full_adder_e|                          ; 6 (0)             ; 0 (0)        ; 0           ; 0            ; 0       ; 0         ; 0    ; 0            ; |bfp16_mul|full_adder:full_adder_e                                                ; work         ;
;       |full_adder_single:ASSIGN_GEN[0].fa_single|     ; 2 (2)             ; 0 (0)        ; 0           ; 0            ; 0       ; 0         ; 0    ; 0            ; |bfp16_mul|full_adder:full_adder_e|full_adder_single:ASSIGN_GEN[0].fa_single      ; work         ;
;       |full_adder_single:ASSIGN_GEN[10].fa_single|    ; 2 (2)             ; 0 (0)        ; 0           ; 0            ; 0       ; 0         ; 0    ; 0            ; |bfp16_mul|full_adder:full_adder_e|full_adder_single:ASSIGN_GEN[10].fa_single     ; work         ;
;       |full_adder_single:ASSIGN_GEN[1].fa_single|     ; 2 (2)             ; 0 (0)        ; 0           ; 0            ; 0       ; 0         ; 0    ; 0            ; |bfp16_mul|full_adder:full_adder_e|full_adder_single:ASSIGN_GEN[1].fa_single      ; work         ;
;    |half_adder_single:half_adder_d1|                  ; 2 (2)             ; 0 (0)        ; 0           ; 0            ; 0       ; 0         ; 0    ; 0            ; |bfp16_mul|half_adder_single:half_adder_d1                                        ; work         ;
;    |half_adder_single:half_adder_e1|                  ; 2 (2)             ; 0 (0)        ; 0           ; 0            ; 0       ; 0         ; 0    ; 0            ; |bfp16_mul|half_adder_single:half_adder_e1                                        ; work         ;
+-------------------------------------------------------+-------------------+--------------+-------------+--------------+---------+-----------+------+--------------+-----------------------------------------------------------------------------------+--------------+
Note: For table entries with two numbers listed, the numbers in parentheses indicate the number of resources of the given type used by the specific entity alone. The numbers listed outside of parentheses indicate the total resources of the given type used by the specific entity and all of its sub-entities in the hierarchy.


+------------------------------------------------------+
; General Register Statistics                          ;
+----------------------------------------------+-------+
; Statistic                                    ; Value ;
+----------------------------------------------+-------+
; Total registers                              ; 0     ;
; Number of registers using Synchronous Clear  ; 0     ;
; Number of registers using Synchronous Load   ; 0     ;
; Number of registers using Asynchronous Clear ; 0     ;
; Number of registers using Asynchronous Load  ; 0     ;
; Number of registers using Clock Enable       ; 0     ;
; Number of registers using Preset             ; 0     ;
+----------------------------------------------+-------+


+---------------------------------------------------------------------------+
; Parameter Settings for User Entity Instance: Top-level Entity: |bfp16_mul ;
+----------------+-------+--------------------------------------------------+
; Parameter Name ; Value ; Type                                             ;
+----------------+-------+--------------------------------------------------+
; n_bit          ; 16    ; Signed Integer                                   ;
; manti          ; 8     ; Signed Integer                                   ;
; expo           ; 8     ; Signed Integer                                   ;
; tree_width     ; 15    ; Signed Integer                                   ;
+----------------+-------+--------------------------------------------------+
Note: In order to hide this table in the UI and the text report file, please set the "Show Parameter Settings Tables in Synthesis Report" option in "Analysis and Synthesis Settings -> More Settings" to "Off".


+-----------------------------------------------------------------------+
; Parameter Settings for User Entity Instance: full_adder:full_adder_c1 ;
+----------------+-------+----------------------------------------------+
; Parameter Name ; Value ; Type                                         ;
+----------------+-------+----------------------------------------------+
; unit           ; 7     ; Signed Integer                               ;
+----------------+-------+----------------------------------------------+
Note: In order to hide this table in the UI and the text report file, please set the "Show Parameter Settings Tables in Synthesis Report" option in "Analysis and Synthesis Settings -> More Settings" to "Off".


+-----------------------------------------------------------------------+
; Parameter Settings for User Entity Instance: full_adder:full_adder_c2 ;
+----------------+-------+----------------------------------------------+
; Parameter Name ; Value ; Type                                         ;
+----------------+-------+----------------------------------------------+
; unit           ; 5     ; Signed Integer                               ;
+----------------+-------+----------------------------------------------+
Note: In order to hide this table in the UI and the text report file, please set the "Show Parameter Settings Tables in Synthesis Report" option in "Analysis and Synthesis Settings -> More Settings" to "Off".


+----------------------------------------------------------------------+
; Parameter Settings for User Entity Instance: full_adder:full_adder_d ;
+----------------+-------+---------------------------------------------+
; Parameter Name ; Value ; Type                                        ;
+----------------+-------+---------------------------------------------+
; unit           ; 9     ; Signed Integer                              ;
+----------------+-------+---------------------------------------------+
Note: In order to hide this table in the UI and the text report file, please set the "Show Parameter Settings Tables in Synthesis Report" option in "Analysis and Synthesis Settings -> More Settings" to "Off".


+----------------------------------------------------------------------+
; Parameter Settings for User Entity Instance: full_adder:full_adder_e ;
+----------------+-------+---------------------------------------------+
; Parameter Name ; Value ; Type                                        ;
+----------------+-------+---------------------------------------------+
; unit           ; 11    ; Signed Integer                              ;
+----------------+-------+---------------------------------------------+
Note: In order to hide this table in the UI and the text report file, please set the "Show Parameter Settings Tables in Synthesis Report" option in "Analysis and Synthesis Settings -> More Settings" to "Off".


+-----------------------------------------------------------------------+
; Parameter Settings for User Entity Instance: adder_b:fast_adder_final ;
+----------------+-------+----------------------------------------------+
; Parameter Name ; Value ; Type                                         ;
+----------------+-------+----------------------------------------------+
; n_bit          ; 13    ; Signed Integer                               ;
+----------------+-------+----------------------------------------------+
Note: In order to hide this table in the UI and the text report file, please set the "Show Parameter Settings Tables in Synthesis Report" option in "Analysis and Synthesis Settings -> More Settings" to "Off".


+---------------------------------------------------------------------------------------------------------------------+
; Parameter Settings for User Entity Instance: adder_b:fast_adder_final|add_submodule_a:ASSIGN_GEN[3].add_submodule_a ;
+----------------+-------+--------------------------------------------------------------------------------------------+
; Parameter Name ; Value ; Type                                                                                       ;
+----------------+-------+--------------------------------------------------------------------------------------------+
; n              ; 3     ; Signed Integer                                                                             ;
; k              ; 0     ; Signed Integer                                                                             ;
+----------------+-------+--------------------------------------------------------------------------------------------+
Note: In order to hide this table in the UI and the text report file, please set the "Show Parameter Settings Tables in Synthesis Report" option in "Analysis and Synthesis Settings -> More Settings" to "Off".


+---------------------------------------------------------------------------------------------------------------------+
; Parameter Settings for User Entity Instance: adder_b:fast_adder_final|add_submodule_a:ASSIGN_GEN[4].add_submodule_a ;
+----------------+-------+--------------------------------------------------------------------------------------------+
; Parameter Name ; Value ; Type                                                                                       ;
+----------------+-------+--------------------------------------------------------------------------------------------+
; n              ; 4     ; Signed Integer                                                                             ;
; k              ; 0     ; Signed Integer                                                                             ;
+----------------+-------+--------------------------------------------------------------------------------------------+
Note: In order to hide this table in the UI and the text report file, please set the "Show Parameter Settings Tables in Synthesis Report" option in "Analysis and Synthesis Settings -> More Settings" to "Off".


+---------------------------------------------------------------------------------------------------------------------+
; Parameter Settings for User Entity Instance: adder_b:fast_adder_final|add_submodule_a:ASSIGN_GEN[5].add_submodule_a ;
+----------------+-------+--------------------------------------------------------------------------------------------+
; Parameter Name ; Value ; Type                                                                                       ;
+----------------+-------+--------------------------------------------------------------------------------------------+
; n              ; 5     ; Signed Integer                                                                             ;
; k              ; 0     ; Signed Integer                                                                             ;
+----------------+-------+--------------------------------------------------------------------------------------------+
Note: In order to hide this table in the UI and the text report file, please set the "Show Parameter Settings Tables in Synthesis Report" option in "Analysis and Synthesis Settings -> More Settings" to "Off".


+---------------------------------------------------------------------------------------------------------------------+
; Parameter Settings for User Entity Instance: adder_b:fast_adder_final|add_submodule_a:ASSIGN_GEN[6].add_submodule_a ;
+----------------+-------+--------------------------------------------------------------------------------------------+
; Parameter Name ; Value ; Type                                                                                       ;
+----------------+-------+--------------------------------------------------------------------------------------------+
; n              ; 6     ; Signed Integer                                                                             ;
; k              ; 0     ; Signed Integer                                                                             ;
+----------------+-------+--------------------------------------------------------------------------------------------+
Note: In order to hide this table in the UI and the text report file, please set the "Show Parameter Settings Tables in Synthesis Report" option in "Analysis and Synthesis Settings -> More Settings" to "Off".


+---------------------------------------------------------------------------------------------------------------------+
; Parameter Settings for User Entity Instance: adder_b:fast_adder_final|add_submodule_a:ASSIGN_GEN[7].add_submodule_a ;
+----------------+-------+--------------------------------------------------------------------------------------------+
; Parameter Name ; Value ; Type                                                                                       ;
+----------------+-------+--------------------------------------------------------------------------------------------+
; n              ; 7     ; Signed Integer                                                                             ;
; k              ; 0     ; Signed Integer                                                                             ;
+----------------+-------+--------------------------------------------------------------------------------------------+
Note: In order to hide this table in the UI and the text report file, please set the "Show Parameter Settings Tables in Synthesis Report" option in "Analysis and Synthesis Settings -> More Settings" to "Off".


+---------------------------------------------------------------------------------------------------------------------+
; Parameter Settings for User Entity Instance: adder_b:fast_adder_final|add_submodule_a:ASSIGN_GEN[8].add_submodule_a ;
+----------------+-------+--------------------------------------------------------------------------------------------+
; Parameter Name ; Value ; Type                                                                                       ;
+----------------+-------+--------------------------------------------------------------------------------------------+
; n              ; 8     ; Signed Integer                                                                             ;
; k              ; 0     ; Signed Integer                                                                             ;
+----------------+-------+--------------------------------------------------------------------------------------------+
Note: In order to hide this table in the UI and the text report file, please set the "Show Parameter Settings Tables in Synthesis Report" option in "Analysis and Synthesis Settings -> More Settings" to "Off".


+---------------------------------------------------------------------------------------------------------------------+
; Parameter Settings for User Entity Instance: adder_b:fast_adder_final|add_submodule_a:ASSIGN_GEN[9].add_submodule_a ;
+----------------+-------+--------------------------------------------------------------------------------------------+
; Parameter Name ; Value ; Type                                                                                       ;
+----------------+-------+--------------------------------------------------------------------------------------------+
; n              ; 9     ; Signed Integer                                                                             ;
; k              ; 0     ; Signed Integer                                                                             ;
+----------------+-------+--------------------------------------------------------------------------------------------+
Note: In order to hide this table in the UI and the text report file, please set the "Show Parameter Settings Tables in Synthesis Report" option in "Analysis and Synthesis Settings -> More Settings" to "Off".


+----------------------------------------------------------------------------------------------------------------------+
; Parameter Settings for User Entity Instance: adder_b:fast_adder_final|add_submodule_a:ASSIGN_GEN[10].add_submodule_a ;
+----------------+-------+---------------------------------------------------------------------------------------------+
; Parameter Name ; Value ; Type                                                                                        ;
+----------------+-------+---------------------------------------------------------------------------------------------+
; n              ; 10    ; Signed Integer                                                                              ;
; k              ; 0     ; Signed Integer                                                                              ;
+----------------+-------+---------------------------------------------------------------------------------------------+
Note: In order to hide this table in the UI and the text report file, please set the "Show Parameter Settings Tables in Synthesis Report" option in "Analysis and Synthesis Settings -> More Settings" to "Off".


+----------------------------------------------------------------------------------------------------------------------+
; Parameter Settings for User Entity Instance: adder_b:fast_adder_final|add_submodule_a:ASSIGN_GEN[11].add_submodule_a ;
+----------------+-------+---------------------------------------------------------------------------------------------+
; Parameter Name ; Value ; Type                                                                                        ;
+----------------+-------+---------------------------------------------------------------------------------------------+
; n              ; 11    ; Signed Integer                                                                              ;
; k              ; 0     ; Signed Integer                                                                              ;
+----------------+-------+---------------------------------------------------------------------------------------------+
Note: In order to hide this table in the UI and the text report file, please set the "Show Parameter Settings Tables in Synthesis Report" option in "Analysis and Synthesis Settings -> More Settings" to "Off".


+----------------------------------------------------------------------------------------------------------------------+
; Parameter Settings for User Entity Instance: adder_b:fast_adder_final|add_submodule_a:ASSIGN_GEN[12].add_submodule_a ;
+----------------+-------+---------------------------------------------------------------------------------------------+
; Parameter Name ; Value ; Type                                                                                        ;
+----------------+-------+---------------------------------------------------------------------------------------------+
; n              ; 12    ; Signed Integer                                                                              ;
; k              ; 0     ; Signed Integer                                                                              ;
+----------------+-------+---------------------------------------------------------------------------------------------+
Note: In order to hide this table in the UI and the text report file, please set the "Show Parameter Settings Tables in Synthesis Report" option in "Analysis and Synthesis Settings -> More Settings" to "Off".


+----------------------------------------------------------------------------------------------------------------------+
; Parameter Settings for User Entity Instance: adder_b:fast_adder_final|add_submodule_a:ASSIGN_GEN[13].add_submodule_a ;
+----------------+-------+---------------------------------------------------------------------------------------------+
; Parameter Name ; Value ; Type                                                                                        ;
+----------------+-------+---------------------------------------------------------------------------------------------+
; n              ; 13    ; Signed Integer                                                                              ;
; k              ; 0     ; Signed Integer                                                                              ;
+----------------+-------+---------------------------------------------------------------------------------------------+
Note: In order to hide this table in the UI and the text report file, please set the "Show Parameter Settings Tables in Synthesis Report" option in "Analysis and Synthesis Settings -> More Settings" to "Off".


+-------------------------------+
; Analysis & Synthesis Messages ;
+-------------------------------+
Info: *******************************************************************
Info: Running Quartus II Analysis & Synthesis
    Info: Version 8.1 Build 163 10/28/2008 SJ Web Edition
    Info: Processing started: Sat Feb 18 14:01:29 2023
Info: Command: quartus_map --read_settings_files=on --write_settings_files=off clock -c clock
Info: Found 1 design units, including 1 entities, in source file clock.bdf
    Info: Found entity 1: clock
Info: Found 1 design units, including 1 entities, in source file register32.bdf
    Info: Found entity 1: register32
Info: Found 1 design units, including 1 entities, in source file clock8bit.bdf
    Info: Found entity 1: clock8bit
Info: Found 1 design units, including 1 entities, in source file adder8.bdf
    Info: Found entity 1: adder8
Info: Found 1 design units, including 1 entities, in source file register32_1.bdf
    Info: Found entity 1: register32_1
Info: Found 1 design units, including 1 entities, in source file adder32_1.bdf
    Info: Found entity 1: adder32_1
Info: Found 2 design units, including 2 entities, in source file Verilog1.v
    Info: Found entity 1: combo
    Info: Found entity 2: all_gates
Warning: Entity "dff" will be ignored because it conflicts with Quartus II primitive name
Info: Found 6 design units, including 6 entities, in source file adder32_2.v
    Info: Found entity 1: adder_b
    Info: Found entity 2: add_submodule_a
    Info: Found entity 3: ma123
    Info: Found entity 4: tutorial_a
    Info: Found entity 5: adder
Info: Found 1 design units, including 1 entities, in source file modules.v
    Info: Found entity 1: counter
Info: Found 4 design units, including 4 entities, in source file float_mul_1.v
    Info: Found entity 1: bfp16_mul
    Info: Found entity 2: full_adder
    Info: Found entity 3: full_adder_single
    Info: Found entity 4: half_adder_single
Info: Elaborating entity "bfp16_mul" for the top level hierarchy
Warning (10036): Verilog HDL or VHDL warning at float_mul_1.v(9): object "h" assigned a value but never read
Warning (10036): Verilog HDL or VHDL warning at float_mul_1.v(11): object "h3" assigned a value but never read
Warning (10036): Verilog HDL or VHDL warning at float_mul_1.v(27): object "bus7" assigned a value but never read
Warning (10036): Verilog HDL or VHDL warning at float_mul_1.v(28): object "bus8" assigned a value but never read
Warning (10855): Verilog HDL warning at float_mul_1.v(34): initial value for variable h3 should be constant
Warning (10034): Output port "out[15]" at float_mul_1.v(15) has no driver
Warning (10034): Output port "out[14]" at float_mul_1.v(15) has no driver
Warning (10034): Output port "out[13]" at float_mul_1.v(15) has no driver
Warning (10034): Output port "out[12]" at float_mul_1.v(15) has no driver
Warning (10034): Output port "out[11]" at float_mul_1.v(15) has no driver
Warning (10034): Output port "out[10]" at float_mul_1.v(15) has no driver
Warning (10034): Output port "out[9]" at float_mul_1.v(15) has no driver
Warning (10034): Output port "out[8]" at float_mul_1.v(15) has no driver
Warning (10034): Output port "out[7]" at float_mul_1.v(15) has no driver
Warning (10034): Output port "out[6]" at float_mul_1.v(15) has no driver
Warning (10034): Output port "out[5]" at float_mul_1.v(15) has no driver
Warning (10034): Output port "out[4]" at float_mul_1.v(15) has no driver
Warning (10034): Output port "out[3]" at float_mul_1.v(15) has no driver
Warning (10034): Output port "out[2]" at float_mul_1.v(15) has no driver
Warning (10034): Output port "out[1]" at float_mul_1.v(15) has no driver
Warning (10034): Output port "out[0]" at float_mul_1.v(15) has no driver
Warning (10030): Net "bus_c_4[9]" at float_mul_1.v(78) has no driver or initial value, using a default initial value '0'
Info: Elaborating entity "half_adder_single" for hierarchy "half_adder_single:half_adder_c1"
Info: Elaborating entity "full_adder" for hierarchy "full_adder:full_adder_c1"
Info: Elaborating entity "full_adder_single" for hierarchy "full_adder:full_adder_c1|full_adder_single:ASSIGN_GEN[0].fa_single"
Info: Elaborating entity "full_adder" for hierarchy "full_adder:full_adder_c2"
Info: Elaborating entity "full_adder" for hierarchy "full_adder:full_adder_d"
Info: Elaborating entity "full_adder" for hierarchy "full_adder:full_adder_e"
Info: Elaborating entity "adder_b" for hierarchy "adder_b:fast_adder_final"
Info: Elaborating entity "add_submodule_a" for hierarchy "adder_b:fast_adder_final|add_submodule_a:ASSIGN_GEN[3].add_submodule_a"
Info: Elaborating entity "add_submodule_a" for hierarchy "adder_b:fast_adder_final|add_submodule_a:ASSIGN_GEN[4].add_submodule_a"
Info: Elaborating entity "add_submodule_a" for hierarchy "adder_b:fast_adder_final|add_submodule_a:ASSIGN_GEN[5].add_submodule_a"
Info: Elaborating entity "add_submodule_a" for hierarchy "adder_b:fast_adder_final|add_submodule_a:ASSIGN_GEN[6].add_submodule_a"
Info: Elaborating entity "add_submodule_a" for hierarchy "adder_b:fast_adder_final|add_submodule_a:ASSIGN_GEN[7].add_submodule_a"
Info: Elaborating entity "add_submodule_a" for hierarchy "adder_b:fast_adder_final|add_submodule_a:ASSIGN_GEN[8].add_submodule_a"
Info: Elaborating entity "add_submodule_a" for hierarchy "adder_b:fast_adder_final|add_submodule_a:ASSIGN_GEN[9].add_submodule_a"
Info: Elaborating entity "add_submodule_a" for hierarchy "adder_b:fast_adder_final|add_submodule_a:ASSIGN_GEN[10].add_submodule_a"
Info: Elaborating entity "add_submodule_a" for hierarchy "adder_b:fast_adder_final|add_submodule_a:ASSIGN_GEN[11].add_submodule_a"
Info: Elaborating entity "add_submodule_a" for hierarchy "adder_b:fast_adder_final|add_submodule_a:ASSIGN_GEN[12].add_submodule_a"
Info: Elaborating entity "add_submodule_a" for hierarchy "adder_b:fast_adder_final|add_submodule_a:ASSIGN_GEN[13].add_submodule_a"
Warning: Output pins are stuck at VCC or GND
    Warning (13410): Pin "out[0]" is stuck at GND
    Warning (13410): Pin "out[1]" is stuck at GND
    Warning (13410): Pin "out[2]" is stuck at GND
    Warning (13410): Pin "out[3]" is stuck at GND
    Warning (13410): Pin "out[4]" is stuck at GND
    Warning (13410): Pin "out[5]" is stuck at GND
    Warning (13410): Pin "out[6]" is stuck at GND
    Warning (13410): Pin "out[7]" is stuck at GND
    Warning (13410): Pin "out[8]" is stuck at GND
    Warning (13410): Pin "out[9]" is stuck at GND
    Warning (13410): Pin "out[10]" is stuck at GND
    Warning (13410): Pin "out[11]" is stuck at GND
    Warning (13410): Pin "out[12]" is stuck at GND
    Warning (13410): Pin "out[13]" is stuck at GND
    Warning (13410): Pin "out[14]" is stuck at GND
    Warning (13410): Pin "out[15]" is stuck at GND
    Warning (13410): Pin "outb[8]" is stuck at GND
    Warning (13410): Pin "outb[9]" is stuck at GND
    Warning (13410): Pin "outb[10]" is stuck at GND
    Warning (13410): Pin "outb[11]" is stuck at GND
    Warning (13410): Pin "outb[12]" is stuck at GND
    Warning (13410): Pin "outb[15]" is stuck at GND
Warning: Design contains 20 input pin(s) that do not drive logic
    Warning (15610): No output dependent on input pin "a[4]"
    Warning (15610): No output dependent on input pin "a[5]"
    Warning (15610): No output dependent on input pin "a[7]"
    Warning (15610): No output dependent on input pin "a[8]"
    Warning (15610): No output dependent on input pin "a[9]"
    Warning (15610): No output dependent on input pin "a[10]"
    Warning (15610): No output dependent on input pin "a[11]"
    Warning (15610): No output dependent on input pin "a[12]"
    Warning (15610): No output dependent on input pin "a[13]"
    Warning (15610): No output dependent on input pin "a[14]"
    Warning (15610): No output dependent on input pin "a[15]"
    Warning (15610): No output dependent on input pin "b[7]"
    Warning (15610): No output dependent on input pin "b[8]"
    Warning (15610): No output dependent on input pin "b[9]"
    Warning (15610): No output dependent on input pin "b[10]"
    Warning (15610): No output dependent on input pin "b[11]"
    Warning (15610): No output dependent on input pin "b[12]"
    Warning (15610): No output dependent on input pin "b[13]"
    Warning (15610): No output dependent on input pin "b[14]"
    Warning (15610): No output dependent on input pin "b[15]"
Info: Implemented 93 device resources after synthesis - the final resource count might be different
    Info: Implemented 32 input pins
    Info: Implemented 32 output pins
    Info: Implemented 29 logic cells
Info: Quartus II Analysis & Synthesis was successful. 0 errors, 67 warnings
    Info: Peak virtual memory: 231 megabytes
    Info: Processing ended: Sat Feb 18 14:01:30 2023
    Info: Elapsed time: 00:00:01
    Info: Total CPU time (on all processors): 00:00:01


