TimeQuest Timing Analyzer report for clock
Fri Feb 17 19:48:52 2023
Quartus II Version 8.1 Build 163 10/28/2008 SJ Web Edition


---------------------
; Table of Contents ;
---------------------
  1. Legal Notice
  2. TimeQuest Timing Analyzer Summary
  3. Clocks
  4. Slow 1200mV 100C Model Fmax Summary
  5. Slow 1200mV 100C Model Setup Summary
  6. Slow 1200mV 100C Model Hold Summary
  7. Slow 1200mV 100C Model Recovery Summary
  8. Slow 1200mV 100C Model Removal Summary
  9. Slow 1200mV 100C Model Minimum Pulse Width
 10. Propagation Delay
 11. Minimum Propagation Delay
 12. Slow 1200mV -40C Model Fmax Summary
 13. Slow 1200mV -40C Model Setup Summary
 14. Slow 1200mV -40C Model Hold Summary
 15. Slow 1200mV -40C Model Recovery Summary
 16. Slow 1200mV -40C Model Removal Summary
 17. Slow 1200mV -40C Model Minimum Pulse Width
 18. Propagation Delay
 19. Minimum Propagation Delay
 20. Fast 1200mV -40C Model Setup Summary
 21. Fast 1200mV -40C Model Hold Summary
 22. Fast 1200mV -40C Model Recovery Summary
 23. Fast 1200mV -40C Model Removal Summary
 24. Fast 1200mV -40C Model Minimum Pulse Width
 25. Propagation Delay
 26. Minimum Propagation Delay
 27. Multicorner Timing Analysis Summary
 28. Progagation Delay
 29. Minimum Progagation Delay
 30. Board Trace Model Assignments
 31. Input Transition Times
 32. Slow Corner Signal Integrity Metrics
 33. Fast Corner Signal Integrity Metrics
 34. Clock Transfers
 35. Report TCCS
 36. Report RSKM
 37. Unconstrained Paths
 38. TimeQuest Timing Analyzer Messages



----------------
; Legal Notice ;
----------------
Copyright (C) 1991-2008 Altera Corporation
Your use of Altera Corporation's design tools, logic functions 
and other software and tools, and its AMPP partner logic 
functions, and any output files from any of the foregoing 
(including device programming or simulation files), and any 
associated documentation or information are expressly subject 
to the terms and conditions of the Altera Program License 
Subscription Agreement, Altera MegaCore Function License 
Agreement, or other applicable license agreement, including, 
without limitation, that your use is for the sole purpose of 
programming logic devices manufactured by Altera and sold by 
Altera or its authorized distributors.  Please refer to the 
applicable agreement for further details.



+----------------------------------------------------------------------+
; TimeQuest Timing Analyzer Summary                                    ;
+--------------------+-------------------------------------------------+
; Quartus II Version ; Version 8.1 Build 163 10/28/2008 SJ Web Edition ;
; Revision Name      ; clock                                           ;
; Device Family      ; Cyclone III                                     ;
; Device Name        ; EP3C120F780I7                                   ;
; Timing Models      ; Final                                           ;
; Delay Model        ; Combined                                        ;
; Rise/Fall Delays   ; Enabled                                         ;
+--------------------+-------------------------------------------------+


----------
; Clocks ;
----------
No clocks to report.


---------------------------------------
; Slow 1200mV 100C Model Fmax Summary ;
---------------------------------------
No paths to report.


----------------------------------------
; Slow 1200mV 100C Model Setup Summary ;
----------------------------------------
No paths to report.


---------------------------------------
; Slow 1200mV 100C Model Hold Summary ;
---------------------------------------
No paths to report.


-------------------------------------------
; Slow 1200mV 100C Model Recovery Summary ;
-------------------------------------------
No paths to report.


------------------------------------------
; Slow 1200mV 100C Model Removal Summary ;
------------------------------------------
No paths to report.


----------------------------------------------
; Slow 1200mV 100C Model Minimum Pulse Width ;
----------------------------------------------
Nothing to report.


+----------------------------------------------------+
; Propagation Delay                                  ;
+------------+-------------+-------+----+----+-------+
; Input Port ; Output Port ; RR    ; RF ; FR ; FF    ;
+------------+-------------+-------+----+----+-------+
; a[0]       ; out[0]      ; 6.923 ;    ;    ; 7.284 ;
; a[1]       ; out[1]      ; 7.104 ;    ;    ; 7.416 ;
; a[2]       ; out[2]      ; 7.309 ;    ;    ; 7.590 ;
; a[3]       ; out[3]      ; 7.330 ;    ;    ; 7.645 ;
; a[4]       ; out[4]      ; 6.976 ;    ;    ; 7.295 ;
; a[5]       ; out[5]      ; 6.960 ;    ;    ; 7.295 ;
; a[6]       ; out[6]      ; 7.411 ;    ;    ; 7.744 ;
; b[0]       ; out[0]      ; 7.036 ;    ;    ; 7.377 ;
; b[0]       ; out[1]      ; 7.504 ;    ;    ; 7.802 ;
; b[0]       ; out[2]      ; 7.524 ;    ;    ; 7.793 ;
; b[0]       ; out[3]      ; 7.493 ;    ;    ; 7.785 ;
; b[0]       ; out[4]      ; 7.210 ;    ;    ; 7.517 ;
; b[0]       ; out[5]      ; 7.039 ;    ;    ; 7.380 ;
; b[0]       ; out[6]      ; 7.389 ;    ;    ; 7.732 ;
; b[0]       ; out[7]      ; 6.479 ;    ;    ; 6.760 ;
; b[1]       ; out[8]      ; 6.218 ;    ;    ; 6.523 ;
; b[2]       ; out[9]      ; 6.239 ;    ;    ; 6.524 ;
; b[3]       ; out[10]     ; 6.097 ;    ;    ; 6.389 ;
; b[4]       ; out[11]     ; 6.208 ;    ;    ; 6.513 ;
; b[5]       ; out[12]     ; 5.699 ;    ;    ; 6.040 ;
; b[6]       ; out[13]     ; 6.254 ;    ;    ; 6.553 ;
+------------+-------------+-------+----+----+-------+


+----------------------------------------------------+
; Minimum Propagation Delay                          ;
+------------+-------------+-------+----+----+-------+
; Input Port ; Output Port ; RR    ; RF ; FR ; FF    ;
+------------+-------------+-------+----+----+-------+
; a[0]       ; out[0]      ; 6.741 ;    ;    ; 7.082 ;
; a[1]       ; out[1]      ; 6.915 ;    ;    ; 7.205 ;
; a[2]       ; out[2]      ; 7.129 ;    ;    ; 7.404 ;
; a[3]       ; out[3]      ; 7.130 ;    ;    ; 7.425 ;
; a[4]       ; out[4]      ; 6.810 ;    ;    ; 7.122 ;
; a[5]       ; out[5]      ; 6.780 ;    ;    ; 7.091 ;
; a[6]       ; out[6]      ; 7.229 ;    ;    ; 7.556 ;
; b[0]       ; out[0]      ; 6.867 ;    ;    ; 7.201 ;
; b[0]       ; out[1]      ; 7.314 ;    ;    ; 7.605 ;
; b[0]       ; out[2]      ; 7.334 ;    ;    ; 7.598 ;
; b[0]       ; out[3]      ; 7.304 ;    ;    ; 7.590 ;
; b[0]       ; out[4]      ; 7.034 ;    ;    ; 7.334 ;
; b[0]       ; out[5]      ; 6.870 ;    ;    ; 7.203 ;
; b[0]       ; out[6]      ; 7.206 ;    ;    ; 7.543 ;
; b[0]       ; out[7]      ; 6.331 ;    ;    ; 6.606 ;
; b[1]       ; out[8]      ; 6.087 ;    ;    ; 6.380 ;
; b[2]       ; out[9]      ; 6.100 ;    ;    ; 6.379 ;
; b[3]       ; out[10]     ; 5.965 ;    ;    ; 6.251 ;
; b[4]       ; out[11]     ; 6.077 ;    ;    ; 6.370 ;
; b[5]       ; out[12]     ; 5.584 ;    ;    ; 5.911 ;
; b[6]       ; out[13]     ; 6.115 ;    ;    ; 6.407 ;
+------------+-------------+-------+----+----+-------+


---------------------------------------
; Slow 1200mV -40C Model Fmax Summary ;
---------------------------------------
No paths to report.


----------------------------------------
; Slow 1200mV -40C Model Setup Summary ;
----------------------------------------
No paths to report.


---------------------------------------
; Slow 1200mV -40C Model Hold Summary ;
---------------------------------------
No paths to report.


-------------------------------------------
; Slow 1200mV -40C Model Recovery Summary ;
-------------------------------------------
No paths to report.


------------------------------------------
; Slow 1200mV -40C Model Removal Summary ;
------------------------------------------
No paths to report.


----------------------------------------------
; Slow 1200mV -40C Model Minimum Pulse Width ;
----------------------------------------------
Nothing to report.


+----------------------------------------------------+
; Propagation Delay                                  ;
+------------+-------------+-------+----+----+-------+
; Input Port ; Output Port ; RR    ; RF ; FR ; FF    ;
+------------+-------------+-------+----+----+-------+
; a[0]       ; out[0]      ; 6.251 ;    ;    ; 6.448 ;
; a[1]       ; out[1]      ; 6.438 ;    ;    ; 6.552 ;
; a[2]       ; out[2]      ; 6.601 ;    ;    ; 6.718 ;
; a[3]       ; out[3]      ; 6.630 ;    ;    ; 6.753 ;
; a[4]       ; out[4]      ; 6.317 ;    ;    ; 6.462 ;
; a[5]       ; out[5]      ; 6.296 ;    ;    ; 6.461 ;
; a[6]       ; out[6]      ; 6.723 ;    ;    ; 6.872 ;
; b[0]       ; out[0]      ; 6.372 ;    ;    ; 6.514 ;
; b[0]       ; out[1]      ; 6.807 ;    ;    ; 6.874 ;
; b[0]       ; out[2]      ; 6.807 ;    ;    ; 6.871 ;
; b[0]       ; out[3]      ; 6.796 ;    ;    ; 6.857 ;
; b[0]       ; out[4]      ; 6.544 ;    ;    ; 6.629 ;
; b[0]       ; out[5]      ; 6.375 ;    ;    ; 6.519 ;
; b[0]       ; out[6]      ; 6.702 ;    ;    ; 6.836 ;
; b[0]       ; out[7]      ; 5.847 ;    ;    ; 5.986 ;
; b[1]       ; out[8]      ; 5.630 ;    ;    ; 5.798 ;
; b[2]       ; out[9]      ; 5.629 ;    ;    ; 5.792 ;
; b[3]       ; out[10]     ; 5.509 ;    ;    ; 5.678 ;
; b[4]       ; out[11]     ; 5.620 ;    ;    ; 5.788 ;
; b[5]       ; out[12]     ; 5.127 ;    ;    ; 5.375 ;
; b[6]       ; out[13]     ; 5.641 ;    ;    ; 5.820 ;
+------------+-------------+-------+----+----+-------+


+----------------------------------------------------+
; Minimum Propagation Delay                          ;
+------------+-------------+-------+----+----+-------+
; Input Port ; Output Port ; RR    ; RF ; FR ; FF    ;
+------------+-------------+-------+----+----+-------+
; a[0]       ; out[0]      ; 6.098 ;    ;    ; 6.288 ;
; a[1]       ; out[1]      ; 6.271 ;    ;    ; 6.380 ;
; a[2]       ; out[2]      ; 6.451 ;    ;    ; 6.569 ;
; a[3]       ; out[3]      ; 6.460 ;    ;    ; 6.578 ;
; a[4]       ; out[4]      ; 6.180 ;    ;    ; 6.325 ;
; a[5]       ; out[5]      ; 6.143 ;    ;    ; 6.299 ;
; a[6]       ; out[6]      ; 6.571 ;    ;    ; 6.720 ;
; b[0]       ; out[0]      ; 6.235 ;    ;    ; 6.373 ;
; b[0]       ; out[1]      ; 6.649 ;    ;    ; 6.715 ;
; b[0]       ; out[2]      ; 6.650 ;    ;    ; 6.713 ;
; b[0]       ; out[3]      ; 6.639 ;    ;    ; 6.700 ;
; b[0]       ; out[4]      ; 6.399 ;    ;    ; 6.484 ;
; b[0]       ; out[5]      ; 6.238 ;    ;    ; 6.377 ;
; b[0]       ; out[6]      ; 6.552 ;    ;    ; 6.683 ;
; b[0]       ; out[7]      ; 5.728 ;    ;    ; 5.864 ;
; b[1]       ; out[8]      ; 5.522 ;    ;    ; 5.684 ;
; b[2]       ; out[9]      ; 5.518 ;    ;    ; 5.678 ;
; b[3]       ; out[10]     ; 5.404 ;    ;    ; 5.569 ;
; b[4]       ; out[11]     ; 5.512 ;    ;    ; 5.674 ;
; b[5]       ; out[12]     ; 5.034 ;    ;    ; 5.273 ;
; b[6]       ; out[13]     ; 5.530 ;    ;    ; 5.705 ;
+------------+-------------+-------+----+----+-------+


----------------------------------------
; Fast 1200mV -40C Model Setup Summary ;
----------------------------------------
No paths to report.


---------------------------------------
; Fast 1200mV -40C Model Hold Summary ;
---------------------------------------
No paths to report.


-------------------------------------------
; Fast 1200mV -40C Model Recovery Summary ;
-------------------------------------------
No paths to report.


------------------------------------------
; Fast 1200mV -40C Model Removal Summary ;
------------------------------------------
No paths to report.


----------------------------------------------
; Fast 1200mV -40C Model Minimum Pulse Width ;
----------------------------------------------
Nothing to report.


+----------------------------------------------------+
; Propagation Delay                                  ;
+------------+-------------+-------+----+----+-------+
; Input Port ; Output Port ; RR    ; RF ; FR ; FF    ;
+------------+-------------+-------+----+----+-------+
; a[0]       ; out[0]      ; 3.377 ;    ;    ; 3.988 ;
; a[1]       ; out[1]      ; 3.430 ;    ;    ; 4.015 ;
; a[2]       ; out[2]      ; 3.560 ;    ;    ; 4.155 ;
; a[3]       ; out[3]      ; 3.578 ;    ;    ; 4.177 ;
; a[4]       ; out[4]      ; 3.394 ;    ;    ; 3.988 ;
; a[5]       ; out[5]      ; 3.375 ;    ;    ; 3.982 ;
; a[6]       ; out[6]      ; 3.633 ;    ;    ; 4.267 ;
; b[0]       ; out[0]      ; 3.422 ;    ;    ; 4.047 ;
; b[0]       ; out[1]      ; 3.641 ;    ;    ; 4.264 ;
; b[0]       ; out[2]      ; 3.651 ;    ;    ; 4.275 ;
; b[0]       ; out[3]      ; 3.645 ;    ;    ; 4.264 ;
; b[0]       ; out[4]      ; 3.497 ;    ;    ; 4.121 ;
; b[0]       ; out[5]      ; 3.425 ;    ;    ; 4.051 ;
; b[0]       ; out[6]      ; 3.612 ;    ;    ; 4.260 ;
; b[0]       ; out[7]      ; 3.185 ;    ;    ; 3.728 ;
; b[1]       ; out[8]      ; 3.039 ;    ;    ; 3.589 ;
; b[2]       ; out[9]      ; 3.083 ;    ;    ; 3.616 ;
; b[3]       ; out[10]     ; 3.016 ;    ;    ; 3.546 ;
; b[4]       ; out[11]     ; 3.029 ;    ;    ; 3.579 ;
; b[5]       ; out[12]     ; 2.803 ;    ;    ; 3.322 ;
; b[6]       ; out[13]     ; 3.099 ;    ;    ; 3.638 ;
+------------+-------------+-------+----+----+-------+


+----------------------------------------------------+
; Minimum Propagation Delay                          ;
+------------+-------------+-------+----+----+-------+
; Input Port ; Output Port ; RR    ; RF ; FR ; FF    ;
+------------+-------------+-------+----+----+-------+
; a[0]       ; out[0]      ; 3.293 ;    ;    ; 3.884 ;
; a[1]       ; out[1]      ; 3.341 ;    ;    ; 3.911 ;
; a[2]       ; out[2]      ; 3.476 ;    ;    ; 4.062 ;
; a[3]       ; out[3]      ; 3.485 ;    ;    ; 4.065 ;
; a[4]       ; out[4]      ; 3.316 ;    ;    ; 3.903 ;
; a[5]       ; out[5]      ; 3.290 ;    ;    ; 3.878 ;
; a[6]       ; out[6]      ; 3.547 ;    ;    ; 4.173 ;
; b[0]       ; out[0]      ; 3.343 ;    ;    ; 3.959 ;
; b[0]       ; out[1]      ; 3.552 ;    ;    ; 4.165 ;
; b[0]       ; out[2]      ; 3.563 ;    ;    ; 4.177 ;
; b[0]       ; out[3]      ; 3.557 ;    ;    ; 4.166 ;
; b[0]       ; out[4]      ; 3.415 ;    ;    ; 4.031 ;
; b[0]       ; out[5]      ; 3.346 ;    ;    ; 3.963 ;
; b[0]       ; out[6]      ; 3.526 ;    ;    ; 4.165 ;
; b[0]       ; out[7]      ; 3.114 ;    ;    ; 3.651 ;
; b[1]       ; out[8]      ; 2.974 ;    ;    ; 3.519 ;
; b[2]       ; out[9]      ; 3.016 ;    ;    ; 3.544 ;
; b[3]       ; out[10]     ; 2.953 ;    ;    ; 3.477 ;
; b[4]       ; out[11]     ; 2.964 ;    ;    ; 3.509 ;
; b[5]       ; out[12]     ; 2.746 ;    ;    ; 3.259 ;
; b[6]       ; out[13]     ; 3.032 ;    ;    ; 3.565 ;
+------------+-------------+-------+----+----+-------+


+----------------------------------------------------------------------------+
; Multicorner Timing Analysis Summary                                        ;
+------------------+-------+------+----------+---------+---------------------+
; Clock            ; Setup ; Hold ; Recovery ; Removal ; Minimum Pulse Width ;
+------------------+-------+------+----------+---------+---------------------+
; Worst-case Slack ; 0.0   ; 0.0  ; 0.0      ; 0.0     ; 0.0                 ;
; Design-wide TNS  ; 0.0   ; 0.0  ; 0.0      ; 0.0     ; N/A                 ;
+------------------+-------+------+----------+---------+---------------------+


+----------------------------------------------------+
; Progagation Delay                                  ;
+------------+-------------+-------+----+----+-------+
; Input Port ; Output Port ; RR    ; RF ; FR ; FF    ;
+------------+-------------+-------+----+----+-------+
; a[0]       ; out[0]      ; 6.923 ;    ;    ; 7.284 ;
; a[1]       ; out[1]      ; 7.104 ;    ;    ; 7.416 ;
; a[2]       ; out[2]      ; 7.309 ;    ;    ; 7.590 ;
; a[3]       ; out[3]      ; 7.330 ;    ;    ; 7.645 ;
; a[4]       ; out[4]      ; 6.976 ;    ;    ; 7.295 ;
; a[5]       ; out[5]      ; 6.960 ;    ;    ; 7.295 ;
; a[6]       ; out[6]      ; 7.411 ;    ;    ; 7.744 ;
; b[0]       ; out[0]      ; 7.036 ;    ;    ; 7.377 ;
; b[0]       ; out[1]      ; 7.504 ;    ;    ; 7.802 ;
; b[0]       ; out[2]      ; 7.524 ;    ;    ; 7.793 ;
; b[0]       ; out[3]      ; 7.493 ;    ;    ; 7.785 ;
; b[0]       ; out[4]      ; 7.210 ;    ;    ; 7.517 ;
; b[0]       ; out[5]      ; 7.039 ;    ;    ; 7.380 ;
; b[0]       ; out[6]      ; 7.389 ;    ;    ; 7.732 ;
; b[0]       ; out[7]      ; 6.479 ;    ;    ; 6.760 ;
; b[1]       ; out[8]      ; 6.218 ;    ;    ; 6.523 ;
; b[2]       ; out[9]      ; 6.239 ;    ;    ; 6.524 ;
; b[3]       ; out[10]     ; 6.097 ;    ;    ; 6.389 ;
; b[4]       ; out[11]     ; 6.208 ;    ;    ; 6.513 ;
; b[5]       ; out[12]     ; 5.699 ;    ;    ; 6.040 ;
; b[6]       ; out[13]     ; 6.254 ;    ;    ; 6.553 ;
+------------+-------------+-------+----+----+-------+


+----------------------------------------------------+
; Minimum Progagation Delay                          ;
+------------+-------------+-------+----+----+-------+
; Input Port ; Output Port ; RR    ; RF ; FR ; FF    ;
+------------+-------------+-------+----+----+-------+
; a[0]       ; out[0]      ; 3.293 ;    ;    ; 3.884 ;
; a[1]       ; out[1]      ; 3.341 ;    ;    ; 3.911 ;
; a[2]       ; out[2]      ; 3.476 ;    ;    ; 4.062 ;
; a[3]       ; out[3]      ; 3.485 ;    ;    ; 4.065 ;
; a[4]       ; out[4]      ; 3.316 ;    ;    ; 3.903 ;
; a[5]       ; out[5]      ; 3.290 ;    ;    ; 3.878 ;
; a[6]       ; out[6]      ; 3.547 ;    ;    ; 4.173 ;
; b[0]       ; out[0]      ; 3.343 ;    ;    ; 3.959 ;
; b[0]       ; out[1]      ; 3.552 ;    ;    ; 4.165 ;
; b[0]       ; out[2]      ; 3.563 ;    ;    ; 4.177 ;
; b[0]       ; out[3]      ; 3.557 ;    ;    ; 4.166 ;
; b[0]       ; out[4]      ; 3.415 ;    ;    ; 4.031 ;
; b[0]       ; out[5]      ; 3.346 ;    ;    ; 3.963 ;
; b[0]       ; out[6]      ; 3.526 ;    ;    ; 4.165 ;
; b[0]       ; out[7]      ; 3.114 ;    ;    ; 3.651 ;
; b[1]       ; out[8]      ; 2.974 ;    ;    ; 3.519 ;
; b[2]       ; out[9]      ; 3.016 ;    ;    ; 3.544 ;
; b[3]       ; out[10]     ; 2.953 ;    ;    ; 3.477 ;
; b[4]       ; out[11]     ; 2.964 ;    ;    ; 3.509 ;
; b[5]       ; out[12]     ; 2.746 ;    ;    ; 3.259 ;
; b[6]       ; out[13]     ; 3.032 ;    ;    ; 3.565 ;
+------------+-------------+-------+----+----+-------+


+------------------------------------------------------------------------------------------------------------------------------------------------------------------------------------------------------------------------------------------------------------------------------------------------------------------------------------------------------------------+
; Board Trace Model Assignments                                                                                                                                                                                                                                                                                                                                    ;
+---------------+--------------+-------------------+-------------------------+-------------------------+---------------+---------------------+----------------+------------------+--------+------------------+------------------------+------------------------+--------------+---------------+-----------------+-------+---------------------+--------------------+
; Pin           ; I/O Standard ; Near Tline Length ; Near Tline L per Length ; Near Tline C per Length ; Near Series R ; Near Differential R ; Near Pull-up R ; Near Pull-down R ; Near C ; Far Tline Length ; Far Tline L per Length ; Far Tline C per Length ; Far Series R ; Far Pull-up R ; Far Pull-down R ; Far C ; Termination Voltage ; Far Differential R ;
+---------------+--------------+-------------------+-------------------------+-------------------------+---------------+---------------------+----------------+------------------+--------+------------------+------------------------+------------------------+--------------+---------------+-----------------+-------+---------------------+--------------------+
; out[0]        ; 2.5 V        ; 0 in              ; 0 H/in                  ; 0 F/in                  ; short         ; -                   ; open           ; open             ; open   ; 0 in             ; 0 H/in                 ; 0 F/in                 ; short        ; open          ; open            ; open  ; 0 V                 ; -                  ;
; out[1]        ; 2.5 V        ; 0 in              ; 0 H/in                  ; 0 F/in                  ; short         ; -                   ; open           ; open             ; open   ; 0 in             ; 0 H/in                 ; 0 F/in                 ; short        ; open          ; open            ; open  ; 0 V                 ; -                  ;
; out[2]        ; 2.5 V        ; 0 in              ; 0 H/in                  ; 0 F/in                  ; short         ; -                   ; open           ; open             ; open   ; 0 in             ; 0 H/in                 ; 0 F/in                 ; short        ; open          ; open            ; open  ; 0 V                 ; -                  ;
; out[3]        ; 2.5 V        ; 0 in              ; 0 H/in                  ; 0 F/in                  ; short         ; -                   ; open           ; open             ; open   ; 0 in             ; 0 H/in                 ; 0 F/in                 ; short        ; open          ; open            ; open  ; 0 V                 ; -                  ;
; out[4]        ; 2.5 V        ; 0 in              ; 0 H/in                  ; 0 F/in                  ; short         ; -                   ; open           ; open             ; open   ; 0 in             ; 0 H/in                 ; 0 F/in                 ; short        ; open          ; open            ; open  ; 0 V                 ; -                  ;
; out[5]        ; 2.5 V        ; 0 in              ; 0 H/in                  ; 0 F/in                  ; short         ; -                   ; open           ; open             ; open   ; 0 in             ; 0 H/in                 ; 0 F/in                 ; short        ; open          ; open            ; open  ; 0 V                 ; -                  ;
; out[6]        ; 2.5 V        ; 0 in              ; 0 H/in                  ; 0 F/in                  ; short         ; -                   ; open           ; open             ; open   ; 0 in             ; 0 H/in                 ; 0 F/in                 ; short        ; open          ; open            ; open  ; 0 V                 ; -                  ;
; out[7]        ; 2.5 V        ; 0 in              ; 0 H/in                  ; 0 F/in                  ; short         ; -                   ; open           ; open             ; open   ; 0 in             ; 0 H/in                 ; 0 F/in                 ; short        ; open          ; open            ; open  ; 0 V                 ; -                  ;
; out[8]        ; 2.5 V        ; 0 in              ; 0 H/in                  ; 0 F/in                  ; short         ; -                   ; open           ; open             ; open   ; 0 in             ; 0 H/in                 ; 0 F/in                 ; short        ; open          ; open            ; open  ; 0 V                 ; -                  ;
; out[9]        ; 2.5 V        ; 0 in              ; 0 H/in                  ; 0 F/in                  ; short         ; -                   ; open           ; open             ; open   ; 0 in             ; 0 H/in                 ; 0 F/in                 ; short        ; open          ; open            ; open  ; 0 V                 ; -                  ;
; out[10]       ; 2.5 V        ; 0 in              ; 0 H/in                  ; 0 F/in                  ; short         ; -                   ; open           ; open             ; open   ; 0 in             ; 0 H/in                 ; 0 F/in                 ; short        ; open          ; open            ; open  ; 0 V                 ; -                  ;
; out[11]       ; 2.5 V        ; 0 in              ; 0 H/in                  ; 0 F/in                  ; short         ; -                   ; open           ; open             ; open   ; 0 in             ; 0 H/in                 ; 0 F/in                 ; short        ; open          ; open            ; open  ; 0 V                 ; -                  ;
; out[12]       ; 2.5 V        ; 0 in              ; 0 H/in                  ; 0 F/in                  ; short         ; -                   ; open           ; open             ; open   ; 0 in             ; 0 H/in                 ; 0 F/in                 ; short        ; open          ; open            ; open  ; 0 V                 ; -                  ;
; out[13]       ; 2.5 V        ; 0 in              ; 0 H/in                  ; 0 F/in                  ; short         ; -                   ; open           ; open             ; open   ; 0 in             ; 0 H/in                 ; 0 F/in                 ; short        ; open          ; open            ; open  ; 0 V                 ; -                  ;
; out[14]       ; 2.5 V        ; 0 in              ; 0 H/in                  ; 0 F/in                  ; short         ; -                   ; open           ; open             ; open   ; 0 in             ; 0 H/in                 ; 0 F/in                 ; short        ; open          ; open            ; open  ; 0 V                 ; -                  ;
; out[15]       ; 2.5 V        ; 0 in              ; 0 H/in                  ; 0 F/in                  ; short         ; -                   ; open           ; open             ; open   ; 0 in             ; 0 H/in                 ; 0 F/in                 ; short        ; open          ; open            ; open  ; 0 V                 ; -                  ;
; outb[0]       ; 2.5 V        ; 0 in              ; 0 H/in                  ; 0 F/in                  ; short         ; -                   ; open           ; open             ; open   ; 0 in             ; 0 H/in                 ; 0 F/in                 ; short        ; open          ; open            ; open  ; 0 V                 ; -                  ;
; outb[1]       ; 2.5 V        ; 0 in              ; 0 H/in                  ; 0 F/in                  ; short         ; -                   ; open           ; open             ; open   ; 0 in             ; 0 H/in                 ; 0 F/in                 ; short        ; open          ; open            ; open  ; 0 V                 ; -                  ;
; outb[2]       ; 2.5 V        ; 0 in              ; 0 H/in                  ; 0 F/in                  ; short         ; -                   ; open           ; open             ; open   ; 0 in             ; 0 H/in                 ; 0 F/in                 ; short        ; open          ; open            ; open  ; 0 V                 ; -                  ;
; outb[3]       ; 2.5 V        ; 0 in              ; 0 H/in                  ; 0 F/in                  ; short         ; -                   ; open           ; open             ; open   ; 0 in             ; 0 H/in                 ; 0 F/in                 ; short        ; open          ; open            ; open  ; 0 V                 ; -                  ;
; outb[4]       ; 2.5 V        ; 0 in              ; 0 H/in                  ; 0 F/in                  ; short         ; -                   ; open           ; open             ; open   ; 0 in             ; 0 H/in                 ; 0 F/in                 ; short        ; open          ; open            ; open  ; 0 V                 ; -                  ;
; outb[5]       ; 2.5 V        ; 0 in              ; 0 H/in                  ; 0 F/in                  ; short         ; -                   ; open           ; open             ; open   ; 0 in             ; 0 H/in                 ; 0 F/in                 ; short        ; open          ; open            ; open  ; 0 V                 ; -                  ;
; outb[6]       ; 2.5 V        ; 0 in              ; 0 H/in                  ; 0 F/in                  ; short         ; -                   ; open           ; open             ; open   ; 0 in             ; 0 H/in                 ; 0 F/in                 ; short        ; open          ; open            ; open  ; 0 V                 ; -                  ;
; outb[7]       ; 2.5 V        ; 0 in              ; 0 H/in                  ; 0 F/in                  ; short         ; -                   ; open           ; open             ; open   ; 0 in             ; 0 H/in                 ; 0 F/in                 ; short        ; open          ; open            ; open  ; 0 V                 ; -                  ;
; outb[8]       ; 2.5 V        ; 0 in              ; 0 H/in                  ; 0 F/in                  ; short         ; -                   ; open           ; open             ; open   ; 0 in             ; 0 H/in                 ; 0 F/in                 ; short        ; open          ; open            ; open  ; 0 V                 ; -                  ;
; outb[9]       ; 2.5 V        ; 0 in              ; 0 H/in                  ; 0 F/in                  ; short         ; -                   ; open           ; open             ; open   ; 0 in             ; 0 H/in                 ; 0 F/in                 ; short        ; open          ; open            ; open  ; 0 V                 ; -                  ;
; outb[10]      ; 2.5 V        ; 0 in              ; 0 H/in                  ; 0 F/in                  ; short         ; -                   ; open           ; open             ; open   ; 0 in             ; 0 H/in                 ; 0 F/in                 ; short        ; open          ; open            ; open  ; 0 V                 ; -                  ;
; outb[11]      ; 2.5 V        ; 0 in              ; 0 H/in                  ; 0 F/in                  ; short         ; -                   ; open           ; open             ; open   ; 0 in             ; 0 H/in                 ; 0 F/in                 ; short        ; open          ; open            ; open  ; 0 V                 ; -                  ;
; outb[12]      ; 2.5 V        ; 0 in              ; 0 H/in                  ; 0 F/in                  ; short         ; -                   ; open           ; open             ; open   ; 0 in             ; 0 H/in                 ; 0 F/in                 ; short        ; open          ; open            ; open  ; 0 V                 ; -                  ;
; outb[13]      ; 2.5 V        ; 0 in              ; 0 H/in                  ; 0 F/in                  ; short         ; -                   ; open           ; open             ; open   ; 0 in             ; 0 H/in                 ; 0 F/in                 ; short        ; open          ; open            ; open  ; 0 V                 ; -                  ;
; outb[14]      ; 2.5 V        ; 0 in              ; 0 H/in                  ; 0 F/in                  ; short         ; -                   ; open           ; open             ; open   ; 0 in             ; 0 H/in                 ; 0 F/in                 ; short        ; open          ; open            ; open  ; 0 V                 ; -                  ;
; outb[15]      ; 2.5 V        ; 0 in              ; 0 H/in                  ; 0 F/in                  ; short         ; -                   ; open           ; open             ; open   ; 0 in             ; 0 H/in                 ; 0 F/in                 ; short        ; open          ; open            ; open  ; 0 V                 ; -                  ;
; ~ALTERA_DCLK~ ; 2.5 V        ; 0 in              ; 0 H/in                  ; 0 F/in                  ; short         ; -                   ; open           ; open             ; open   ; 0 in             ; 0 H/in                 ; 0 F/in                 ; short        ; open          ; open            ; open  ; 0 V                 ; -                  ;
; ~ALTERA_nCEO~ ; 2.5 V        ; 0 in              ; 0 H/in                  ; 0 F/in                  ; short         ; -                   ; open           ; open             ; open   ; 0 in             ; 0 H/in                 ; 0 F/in                 ; short        ; open          ; open            ; open  ; 0 V                 ; -                  ;
+---------------+--------------+-------------------+-------------------------+-------------------------+---------------+---------------------+----------------+------------------+--------+------------------+------------------------+------------------------+--------------+---------------+-----------------+-------+---------------------+--------------------+


+----------------------------------------------------------------------------+
; Input Transition Times                                                     ;
+-------------------------+--------------+-----------------+-----------------+
; Pin                     ; I/O Standard ; 10-90 Rise Time ; 90-10 Fall Time ;
+-------------------------+--------------+-----------------+-----------------+
; a[7]                    ; 2.5 V        ; 2000 ps         ; 2000 ps         ;
; a[8]                    ; 2.5 V        ; 2000 ps         ; 2000 ps         ;
; a[9]                    ; 2.5 V        ; 2000 ps         ; 2000 ps         ;
; a[10]                   ; 2.5 V        ; 2000 ps         ; 2000 ps         ;
; a[11]                   ; 2.5 V        ; 2000 ps         ; 2000 ps         ;
; a[12]                   ; 2.5 V        ; 2000 ps         ; 2000 ps         ;
; a[13]                   ; 2.5 V        ; 2000 ps         ; 2000 ps         ;
; a[14]                   ; 2.5 V        ; 2000 ps         ; 2000 ps         ;
; a[15]                   ; 2.5 V        ; 2000 ps         ; 2000 ps         ;
; b[7]                    ; 2.5 V        ; 2000 ps         ; 2000 ps         ;
; b[8]                    ; 2.5 V        ; 2000 ps         ; 2000 ps         ;
; b[9]                    ; 2.5 V        ; 2000 ps         ; 2000 ps         ;
; b[10]                   ; 2.5 V        ; 2000 ps         ; 2000 ps         ;
; b[11]                   ; 2.5 V        ; 2000 ps         ; 2000 ps         ;
; b[12]                   ; 2.5 V        ; 2000 ps         ; 2000 ps         ;
; b[13]                   ; 2.5 V        ; 2000 ps         ; 2000 ps         ;
; b[14]                   ; 2.5 V        ; 2000 ps         ; 2000 ps         ;
; b[15]                   ; 2.5 V        ; 2000 ps         ; 2000 ps         ;
; a[0]                    ; 2.5 V        ; 2000 ps         ; 2000 ps         ;
; b[0]                    ; 2.5 V        ; 2000 ps         ; 2000 ps         ;
; a[1]                    ; 2.5 V        ; 2000 ps         ; 2000 ps         ;
; a[2]                    ; 2.5 V        ; 2000 ps         ; 2000 ps         ;
; a[3]                    ; 2.5 V        ; 2000 ps         ; 2000 ps         ;
; a[4]                    ; 2.5 V        ; 2000 ps         ; 2000 ps         ;
; a[5]                    ; 2.5 V        ; 2000 ps         ; 2000 ps         ;
; a[6]                    ; 2.5 V        ; 2000 ps         ; 2000 ps         ;
; b[1]                    ; 2.5 V        ; 2000 ps         ; 2000 ps         ;
; b[2]                    ; 2.5 V        ; 2000 ps         ; 2000 ps         ;
; b[3]                    ; 2.5 V        ; 2000 ps         ; 2000 ps         ;
; b[4]                    ; 2.5 V        ; 2000 ps         ; 2000 ps         ;
; b[5]                    ; 2.5 V        ; 2000 ps         ; 2000 ps         ;
; b[6]                    ; 2.5 V        ; 2000 ps         ; 2000 ps         ;
; ~ALTERA_ASDO_DATA1~     ; 2.5 V        ; 2000 ps         ; 2000 ps         ;
; ~ALTERA_FLASH_nCE_nCSO~ ; 2.5 V        ; 2000 ps         ; 2000 ps         ;
; ~ALTERA_DATA0~          ; 2.5 V        ; 2000 ps         ; 2000 ps         ;
+-------------------------+--------------+-----------------+-----------------+


+--------------------------------------------------------------------------------------------------------------------------------------------------------------------------------------------------------------------------------------------------------------------------------------------------------------------------------------------------------------------------------------------------------------------------------------------------------------------------------------------------------------------------------------------------------------------------------------------------------------------------------------------------------------------------------------------+
; Slow Corner Signal Integrity Metrics                                                                                                                                                                                                                                                                                                                                                                                                                                                                                                                                                                                                                                                       ;
+---------------+--------------+---------------------+---------------------+------------------------------+------------------------------+---------------------+---------------------+--------------------------------------+--------------------------------------+-----------------------------+-----------------------------+----------------------------+----------------------------+-----------------------------+-----------------------------+--------------------+--------------------+-------------------------------------+-------------------------------------+----------------------------+----------------------------+---------------------------+---------------------------+
; Pin           ; I/O Standard ; Board Delay on Rise ; Board Delay on Fall ; Steady State Voh at FPGA Pin ; Steady State Vol at FPGA Pin ; Voh Max at FPGA Pin ; Vol Min at FPGA Pin ; Ringback Voltage on Rise at FPGA Pin ; Ringback Voltage on Fall at FPGA Pin ; 10-90 Rise Time at FPGA Pin ; 90-10 Fall Time at FPGA Pin ; Monotonic Rise at FPGA Pin ; Monotonic Fall at FPGA Pin ; Steady State Voh at Far-end ; Steady State Vol at Far-end ; Voh Max at Far-end ; Vol Min at Far-end ; Ringback Voltage on Rise at Far-end ; Ringback Voltage on Fall at Far-end ; 10-90 Rise Time at Far-end ; 90-10 Fall Time at Far-end ; Monotonic Rise at Far-end ; Monotonic Fall at Far-end ;
+---------------+--------------+---------------------+---------------------+------------------------------+------------------------------+---------------------+---------------------+--------------------------------------+--------------------------------------+-----------------------------+-----------------------------+----------------------------+----------------------------+-----------------------------+-----------------------------+--------------------+--------------------+-------------------------------------+-------------------------------------+----------------------------+----------------------------+---------------------------+---------------------------+
; out[0]        ; 2.5 V        ; 0 s                 ; 0 s                 ; 2.32 V                       ; 7.72e-007 V                  ; 2.34 V              ; -0.00862 V          ; 0.126 V                              ; 0.038 V                              ; 6.76e-010 s                 ; 6.44e-010 s                 ; Yes                        ; Yes                        ; 2.32 V                      ; 7.72e-007 V                 ; 2.34 V             ; -0.00862 V         ; 0.126 V                             ; 0.038 V                             ; 6.76e-010 s                ; 6.44e-010 s                ; Yes                       ; Yes                       ;
; out[1]        ; 2.5 V        ; 0 s                 ; 0 s                 ; 2.32 V                       ; 1.15e-006 V                  ; 2.35 V              ; -0.00921 V          ; 0.13 V                               ; 0.035 V                              ; 4.72e-010 s                 ; 4.64e-010 s                 ; Yes                        ; Yes                        ; 2.32 V                      ; 1.15e-006 V                 ; 2.35 V             ; -0.00921 V         ; 0.13 V                              ; 0.035 V                             ; 4.72e-010 s                ; 4.64e-010 s                ; Yes                       ; Yes                       ;
; out[2]        ; 2.5 V        ; 0 s                 ; 0 s                 ; 2.32 V                       ; 1.15e-006 V                  ; 2.35 V              ; -0.00921 V          ; 0.13 V                               ; 0.035 V                              ; 4.72e-010 s                 ; 4.64e-010 s                 ; Yes                        ; Yes                        ; 2.32 V                      ; 1.15e-006 V                 ; 2.35 V             ; -0.00921 V         ; 0.13 V                              ; 0.035 V                             ; 4.72e-010 s                ; 4.64e-010 s                ; Yes                       ; Yes                       ;
; out[3]        ; 2.5 V        ; 0 s                 ; 0 s                 ; 2.32 V                       ; 1.15e-006 V                  ; 2.35 V              ; -0.00921 V          ; 0.13 V                               ; 0.035 V                              ; 4.72e-010 s                 ; 4.64e-010 s                 ; Yes                        ; Yes                        ; 2.32 V                      ; 1.15e-006 V                 ; 2.35 V             ; -0.00921 V         ; 0.13 V                              ; 0.035 V                             ; 4.72e-010 s                ; 4.64e-010 s                ; Yes                       ; Yes                       ;
; out[4]        ; 2.5 V        ; 0 s                 ; 0 s                 ; 2.32 V                       ; 7.72e-007 V                  ; 2.34 V              ; -0.00862 V          ; 0.126 V                              ; 0.038 V                              ; 6.76e-010 s                 ; 6.44e-010 s                 ; Yes                        ; Yes                        ; 2.32 V                      ; 7.72e-007 V                 ; 2.34 V             ; -0.00862 V         ; 0.126 V                             ; 0.038 V                             ; 6.76e-010 s                ; 6.44e-010 s                ; Yes                       ; Yes                       ;
; out[5]        ; 2.5 V        ; 0 s                 ; 0 s                 ; 2.32 V                       ; 7.72e-007 V                  ; 2.34 V              ; -0.00862 V          ; 0.126 V                              ; 0.038 V                              ; 6.76e-010 s                 ; 6.44e-010 s                 ; Yes                        ; Yes                        ; 2.32 V                      ; 7.72e-007 V                 ; 2.34 V             ; -0.00862 V         ; 0.126 V                             ; 0.038 V                             ; 6.76e-010 s                ; 6.44e-010 s                ; Yes                       ; Yes                       ;
; out[6]        ; 2.5 V        ; 0 s                 ; 0 s                 ; 2.32 V                       ; 7.72e-007 V                  ; 2.34 V              ; -0.00862 V          ; 0.126 V                              ; 0.038 V                              ; 6.76e-010 s                 ; 6.44e-010 s                 ; Yes                        ; Yes                        ; 2.32 V                      ; 7.72e-007 V                 ; 2.34 V             ; -0.00862 V         ; 0.126 V                             ; 0.038 V                             ; 6.76e-010 s                ; 6.44e-010 s                ; Yes                       ; Yes                       ;
; out[7]        ; 2.5 V        ; 0 s                 ; 0 s                 ; 2.32 V                       ; 1.15e-006 V                  ; 2.35 V              ; -0.00921 V          ; 0.13 V                               ; 0.035 V                              ; 4.72e-010 s                 ; 4.64e-010 s                 ; Yes                        ; Yes                        ; 2.32 V                      ; 1.15e-006 V                 ; 2.35 V             ; -0.00921 V         ; 0.13 V                              ; 0.035 V                             ; 4.72e-010 s                ; 4.64e-010 s                ; Yes                       ; Yes                       ;
; out[8]        ; 2.5 V        ; 0 s                 ; 0 s                 ; 2.32 V                       ; 7.72e-007 V                  ; 2.34 V              ; -0.00862 V          ; 0.126 V                              ; 0.038 V                              ; 6.76e-010 s                 ; 6.44e-010 s                 ; Yes                        ; Yes                        ; 2.32 V                      ; 7.72e-007 V                 ; 2.34 V             ; -0.00862 V         ; 0.126 V                             ; 0.038 V                             ; 6.76e-010 s                ; 6.44e-010 s                ; Yes                       ; Yes                       ;
; out[9]        ; 2.5 V        ; 0 s                 ; 0 s                 ; 2.32 V                       ; 1.15e-006 V                  ; 2.35 V              ; -0.00921 V          ; 0.13 V                               ; 0.035 V                              ; 4.72e-010 s                 ; 4.64e-010 s                 ; Yes                        ; Yes                        ; 2.32 V                      ; 1.15e-006 V                 ; 2.35 V             ; -0.00921 V         ; 0.13 V                              ; 0.035 V                             ; 4.72e-010 s                ; 4.64e-010 s                ; Yes                       ; Yes                       ;
; out[10]       ; 2.5 V        ; 0 s                 ; 0 s                 ; 2.32 V                       ; 1.15e-006 V                  ; 2.35 V              ; -0.00921 V          ; 0.13 V                               ; 0.035 V                              ; 4.72e-010 s                 ; 4.64e-010 s                 ; Yes                        ; Yes                        ; 2.32 V                      ; 1.15e-006 V                 ; 2.35 V             ; -0.00921 V         ; 0.13 V                              ; 0.035 V                             ; 4.72e-010 s                ; 4.64e-010 s                ; Yes                       ; Yes                       ;
; out[11]       ; 2.5 V        ; 0 s                 ; 0 s                 ; 2.32 V                       ; 7.72e-007 V                  ; 2.34 V              ; -0.00862 V          ; 0.126 V                              ; 0.038 V                              ; 6.76e-010 s                 ; 6.44e-010 s                 ; Yes                        ; Yes                        ; 2.32 V                      ; 7.72e-007 V                 ; 2.34 V             ; -0.00862 V         ; 0.126 V                             ; 0.038 V                             ; 6.76e-010 s                ; 6.44e-010 s                ; Yes                       ; Yes                       ;
; out[12]       ; 2.5 V        ; 0 s                 ; 0 s                 ; 2.32 V                       ; 7.72e-007 V                  ; 2.35 V              ; -0.0054 V           ; 0.115 V                              ; 0.008 V                              ; 4.62e-010 s                 ; 4.5e-010 s                  ; Yes                        ; Yes                        ; 2.32 V                      ; 7.72e-007 V                 ; 2.35 V             ; -0.0054 V          ; 0.115 V                             ; 0.008 V                             ; 4.62e-010 s                ; 4.5e-010 s                 ; Yes                       ; Yes                       ;
; out[13]       ; 2.5 V        ; 0 s                 ; 0 s                 ; 2.32 V                       ; 1.15e-006 V                  ; 2.35 V              ; -0.00921 V          ; 0.13 V                               ; 0.035 V                              ; 4.72e-010 s                 ; 4.64e-010 s                 ; Yes                        ; Yes                        ; 2.32 V                      ; 1.15e-006 V                 ; 2.35 V             ; -0.00921 V         ; 0.13 V                              ; 0.035 V                             ; 4.72e-010 s                ; 4.64e-010 s                ; Yes                       ; Yes                       ;
; out[14]       ; 2.5 V        ; 0 s                 ; 0 s                 ; 2.32 V                       ; 1.15e-006 V                  ; 2.35 V              ; -0.00921 V          ; 0.13 V                               ; 0.035 V                              ; 4.72e-010 s                 ; 4.64e-010 s                 ; Yes                        ; Yes                        ; 2.32 V                      ; 1.15e-006 V                 ; 2.35 V             ; -0.00921 V         ; 0.13 V                              ; 0.035 V                             ; 4.72e-010 s                ; 4.64e-010 s                ; Yes                       ; Yes                       ;
; out[15]       ; 2.5 V        ; 0 s                 ; 0 s                 ; 2.32 V                       ; 1.15e-006 V                  ; 2.33 V              ; -0.0026 V           ; 0.097 V                              ; 0.068 V                              ; 3.61e-009 s                 ; 3.44e-009 s                 ; Yes                        ; Yes                        ; 2.32 V                      ; 1.15e-006 V                 ; 2.33 V             ; -0.0026 V          ; 0.097 V                             ; 0.068 V                             ; 3.61e-009 s                ; 3.44e-009 s                ; Yes                       ; Yes                       ;
; outb[0]       ; 2.5 V        ; 0 s                 ; 0 s                 ; 2.32 V                       ; 1.15e-006 V                  ; 2.35 V              ; -0.00921 V          ; 0.13 V                               ; 0.035 V                              ; 4.72e-010 s                 ; 4.64e-010 s                 ; Yes                        ; Yes                        ; 2.32 V                      ; 1.15e-006 V                 ; 2.35 V             ; -0.00921 V         ; 0.13 V                              ; 0.035 V                             ; 4.72e-010 s                ; 4.64e-010 s                ; Yes                       ; Yes                       ;
; outb[1]       ; 2.5 V        ; 0 s                 ; 0 s                 ; 2.32 V                       ; 1.15e-006 V                  ; 2.35 V              ; -0.00921 V          ; 0.13 V                               ; 0.035 V                              ; 4.72e-010 s                 ; 4.64e-010 s                 ; Yes                        ; Yes                        ; 2.32 V                      ; 1.15e-006 V                 ; 2.35 V             ; -0.00921 V         ; 0.13 V                              ; 0.035 V                             ; 4.72e-010 s                ; 4.64e-010 s                ; Yes                       ; Yes                       ;
; outb[2]       ; 2.5 V        ; 0 s                 ; 0 s                 ; 2.32 V                       ; 1.15e-006 V                  ; 2.35 V              ; -0.00921 V          ; 0.13 V                               ; 0.035 V                              ; 4.72e-010 s                 ; 4.64e-010 s                 ; Yes                        ; Yes                        ; 2.32 V                      ; 1.15e-006 V                 ; 2.35 V             ; -0.00921 V         ; 0.13 V                              ; 0.035 V                             ; 4.72e-010 s                ; 4.64e-010 s                ; Yes                       ; Yes                       ;
; outb[3]       ; 2.5 V        ; 0 s                 ; 0 s                 ; 2.32 V                       ; 7.72e-007 V                  ; 2.34 V              ; -0.00862 V          ; 0.126 V                              ; 0.038 V                              ; 6.76e-010 s                 ; 6.44e-010 s                 ; Yes                        ; Yes                        ; 2.32 V                      ; 7.72e-007 V                 ; 2.34 V             ; -0.00862 V         ; 0.126 V                             ; 0.038 V                             ; 6.76e-010 s                ; 6.44e-010 s                ; Yes                       ; Yes                       ;
; outb[4]       ; 2.5 V        ; 0 s                 ; 0 s                 ; 2.32 V                       ; 1.15e-006 V                  ; 2.35 V              ; -0.00921 V          ; 0.13 V                               ; 0.035 V                              ; 4.72e-010 s                 ; 4.64e-010 s                 ; Yes                        ; Yes                        ; 2.32 V                      ; 1.15e-006 V                 ; 2.35 V             ; -0.00921 V         ; 0.13 V                              ; 0.035 V                             ; 4.72e-010 s                ; 4.64e-010 s                ; Yes                       ; Yes                       ;
; outb[5]       ; 2.5 V        ; 0 s                 ; 0 s                 ; 2.32 V                       ; 1.15e-006 V                  ; 2.35 V              ; -0.00921 V          ; 0.13 V                               ; 0.035 V                              ; 4.72e-010 s                 ; 4.64e-010 s                 ; Yes                        ; Yes                        ; 2.32 V                      ; 1.15e-006 V                 ; 2.35 V             ; -0.00921 V         ; 0.13 V                              ; 0.035 V                             ; 4.72e-010 s                ; 4.64e-010 s                ; Yes                       ; Yes                       ;
; outb[6]       ; 2.5 V        ; 0 s                 ; 0 s                 ; 2.32 V                       ; 1.15e-006 V                  ; 2.35 V              ; -0.00921 V          ; 0.13 V                               ; 0.035 V                              ; 4.72e-010 s                 ; 4.64e-010 s                 ; Yes                        ; Yes                        ; 2.32 V                      ; 1.15e-006 V                 ; 2.35 V             ; -0.00921 V         ; 0.13 V                              ; 0.035 V                             ; 4.72e-010 s                ; 4.64e-010 s                ; Yes                       ; Yes                       ;
; outb[7]       ; 2.5 V        ; 0 s                 ; 0 s                 ; 2.32 V                       ; 7.72e-007 V                  ; 2.34 V              ; -0.00862 V          ; 0.126 V                              ; 0.038 V                              ; 6.76e-010 s                 ; 6.44e-010 s                 ; Yes                        ; Yes                        ; 2.32 V                      ; 7.72e-007 V                 ; 2.34 V             ; -0.00862 V         ; 0.126 V                             ; 0.038 V                             ; 6.76e-010 s                ; 6.44e-010 s                ; Yes                       ; Yes                       ;
; outb[8]       ; 2.5 V        ; 0 s                 ; 0 s                 ; 2.32 V                       ; 7.72e-007 V                  ; 2.34 V              ; -0.00862 V          ; 0.126 V                              ; 0.038 V                              ; 6.76e-010 s                 ; 6.44e-010 s                 ; Yes                        ; Yes                        ; 2.32 V                      ; 7.72e-007 V                 ; 2.34 V             ; -0.00862 V         ; 0.126 V                             ; 0.038 V                             ; 6.76e-010 s                ; 6.44e-010 s                ; Yes                       ; Yes                       ;
; outb[9]       ; 2.5 V        ; 0 s                 ; 0 s                 ; 2.32 V                       ; 1.15e-006 V                  ; 2.35 V              ; -0.00921 V          ; 0.13 V                               ; 0.035 V                              ; 4.72e-010 s                 ; 4.64e-010 s                 ; Yes                        ; Yes                        ; 2.32 V                      ; 1.15e-006 V                 ; 2.35 V             ; -0.00921 V         ; 0.13 V                              ; 0.035 V                             ; 4.72e-010 s                ; 4.64e-010 s                ; Yes                       ; Yes                       ;
; outb[10]      ; 2.5 V        ; 0 s                 ; 0 s                 ; 2.32 V                       ; 1.15e-006 V                  ; 2.35 V              ; -0.00921 V          ; 0.13 V                               ; 0.035 V                              ; 4.72e-010 s                 ; 4.64e-010 s                 ; Yes                        ; Yes                        ; 2.32 V                      ; 1.15e-006 V                 ; 2.35 V             ; -0.00921 V         ; 0.13 V                              ; 0.035 V                             ; 4.72e-010 s                ; 4.64e-010 s                ; Yes                       ; Yes                       ;
; outb[11]      ; 2.5 V        ; 0 s                 ; 0 s                 ; 2.32 V                       ; 7.72e-007 V                  ; 2.34 V              ; -0.00862 V          ; 0.126 V                              ; 0.038 V                              ; 6.76e-010 s                 ; 6.44e-010 s                 ; Yes                        ; Yes                        ; 2.32 V                      ; 7.72e-007 V                 ; 2.34 V             ; -0.00862 V         ; 0.126 V                             ; 0.038 V                             ; 6.76e-010 s                ; 6.44e-010 s                ; Yes                       ; Yes                       ;
; outb[12]      ; 2.5 V        ; 0 s                 ; 0 s                 ; 2.32 V                       ; 1.15e-006 V                  ; 2.35 V              ; -0.00921 V          ; 0.13 V                               ; 0.035 V                              ; 4.72e-010 s                 ; 4.64e-010 s                 ; Yes                        ; Yes                        ; 2.32 V                      ; 1.15e-006 V                 ; 2.35 V             ; -0.00921 V         ; 0.13 V                              ; 0.035 V                             ; 4.72e-010 s                ; 4.64e-010 s                ; Yes                       ; Yes                       ;
; outb[13]      ; 2.5 V        ; 0 s                 ; 0 s                 ; 2.32 V                       ; 1.15e-006 V                  ; 2.35 V              ; -0.00921 V          ; 0.13 V                               ; 0.035 V                              ; 4.72e-010 s                 ; 4.64e-010 s                 ; Yes                        ; Yes                        ; 2.32 V                      ; 1.15e-006 V                 ; 2.35 V             ; -0.00921 V         ; 0.13 V                              ; 0.035 V                             ; 4.72e-010 s                ; 4.64e-010 s                ; Yes                       ; Yes                       ;
; outb[14]      ; 2.5 V        ; 0 s                 ; 0 s                 ; 2.32 V                       ; 7.72e-007 V                  ; 2.34 V              ; -0.00862 V          ; 0.126 V                              ; 0.038 V                              ; 6.76e-010 s                 ; 6.44e-010 s                 ; Yes                        ; Yes                        ; 2.32 V                      ; 7.72e-007 V                 ; 2.34 V             ; -0.00862 V         ; 0.126 V                             ; 0.038 V                             ; 6.76e-010 s                ; 6.44e-010 s                ; Yes                       ; Yes                       ;
; outb[15]      ; 2.5 V        ; 0 s                 ; 0 s                 ; 2.32 V                       ; 7.72e-007 V                  ; 2.34 V              ; -0.00862 V          ; 0.126 V                              ; 0.038 V                              ; 6.76e-010 s                 ; 6.44e-010 s                 ; Yes                        ; Yes                        ; 2.32 V                      ; 7.72e-007 V                 ; 2.34 V             ; -0.00862 V         ; 0.126 V                             ; 0.038 V                             ; 6.76e-010 s                ; 6.44e-010 s                ; Yes                       ; Yes                       ;
; ~ALTERA_DCLK~ ; 2.5 V        ; 0 s                 ; 0 s                 ; 2.32 V                       ; 6.17e-007 V                  ; 2.35 V              ; -0.0095 V           ; 0.088 V                              ; 0.032 V                              ; 4.4e-010 s                  ; 3.76e-010 s                 ; Yes                        ; Yes                        ; 2.32 V                      ; 6.17e-007 V                 ; 2.35 V             ; -0.0095 V          ; 0.088 V                             ; 0.032 V                             ; 4.4e-010 s                 ; 3.76e-010 s                ; Yes                       ; Yes                       ;
; ~ALTERA_nCEO~ ; 2.5 V        ; 0 s                 ; 0 s                 ; 2.32 V                       ; 1.02e-006 V                  ; 2.34 V              ; -0.00697 V          ; 0.098 V                              ; 0.024 V                              ; 6.43e-010 s                 ; 8.12e-010 s                 ; Yes                        ; Yes                        ; 2.32 V                      ; 1.02e-006 V                 ; 2.34 V             ; -0.00697 V         ; 0.098 V                             ; 0.024 V                             ; 6.43e-010 s                ; 8.12e-010 s                ; Yes                       ; Yes                       ;
+---------------+--------------+---------------------+---------------------+------------------------------+------------------------------+---------------------+---------------------+--------------------------------------+--------------------------------------+-----------------------------+-----------------------------+----------------------------+----------------------------+-----------------------------+-----------------------------+--------------------+--------------------+-------------------------------------+-------------------------------------+----------------------------+----------------------------+---------------------------+---------------------------+


+--------------------------------------------------------------------------------------------------------------------------------------------------------------------------------------------------------------------------------------------------------------------------------------------------------------------------------------------------------------------------------------------------------------------------------------------------------------------------------------------------------------------------------------------------------------------------------------------------------------------------------------------------------------------------------------------+
; Fast Corner Signal Integrity Metrics                                                                                                                                                                                                                                                                                                                                                                                                                                                                                                                                                                                                                                                       ;
+---------------+--------------+---------------------+---------------------+------------------------------+------------------------------+---------------------+---------------------+--------------------------------------+--------------------------------------+-----------------------------+-----------------------------+----------------------------+----------------------------+-----------------------------+-----------------------------+--------------------+--------------------+-------------------------------------+-------------------------------------+----------------------------+----------------------------+---------------------------+---------------------------+
; Pin           ; I/O Standard ; Board Delay on Rise ; Board Delay on Fall ; Steady State Voh at FPGA Pin ; Steady State Vol at FPGA Pin ; Voh Max at FPGA Pin ; Vol Min at FPGA Pin ; Ringback Voltage on Rise at FPGA Pin ; Ringback Voltage on Fall at FPGA Pin ; 10-90 Rise Time at FPGA Pin ; 90-10 Fall Time at FPGA Pin ; Monotonic Rise at FPGA Pin ; Monotonic Fall at FPGA Pin ; Steady State Voh at Far-end ; Steady State Vol at Far-end ; Voh Max at Far-end ; Vol Min at Far-end ; Ringback Voltage on Rise at Far-end ; Ringback Voltage on Fall at Far-end ; 10-90 Rise Time at Far-end ; 90-10 Fall Time at Far-end ; Monotonic Rise at Far-end ; Monotonic Fall at Far-end ;
+---------------+--------------+---------------------+---------------------+------------------------------+------------------------------+---------------------+---------------------+--------------------------------------+--------------------------------------+-----------------------------+-----------------------------+----------------------------+----------------------------+-----------------------------+-----------------------------+--------------------+--------------------+-------------------------------------+-------------------------------------+----------------------------+----------------------------+---------------------------+---------------------------+
; out[0]        ; 2.5 V        ; 0 s                 ; 0 s                 ; 2.62 V                       ; 2.17e-009 V                  ; 2.73 V              ; -0.0555 V           ; 0.287 V                              ; 0.073 V                              ; 2.99e-010 s                 ; 3.3e-010 s                  ; No                         ; Yes                        ; 2.62 V                      ; 2.17e-009 V                 ; 2.73 V             ; -0.0555 V          ; 0.287 V                             ; 0.073 V                             ; 2.99e-010 s                ; 3.3e-010 s                 ; No                        ; Yes                       ;
; out[1]        ; 2.5 V        ; 0 s                 ; 0 s                 ; 2.62 V                       ; 3.29e-009 V                  ; 2.75 V              ; -0.0547 V           ; 0.165 V                              ; 0.083 V                              ; 2.62e-010 s                 ; 2.44e-010 s                 ; Yes                        ; Yes                        ; 2.62 V                      ; 3.29e-009 V                 ; 2.75 V             ; -0.0547 V          ; 0.165 V                             ; 0.083 V                             ; 2.62e-010 s                ; 2.44e-010 s                ; Yes                       ; Yes                       ;
; out[2]        ; 2.5 V        ; 0 s                 ; 0 s                 ; 2.62 V                       ; 3.29e-009 V                  ; 2.75 V              ; -0.0547 V           ; 0.165 V                              ; 0.083 V                              ; 2.62e-010 s                 ; 2.44e-010 s                 ; Yes                        ; Yes                        ; 2.62 V                      ; 3.29e-009 V                 ; 2.75 V             ; -0.0547 V          ; 0.165 V                             ; 0.083 V                             ; 2.62e-010 s                ; 2.44e-010 s                ; Yes                       ; Yes                       ;
; out[3]        ; 2.5 V        ; 0 s                 ; 0 s                 ; 2.62 V                       ; 3.29e-009 V                  ; 2.75 V              ; -0.0547 V           ; 0.165 V                              ; 0.083 V                              ; 2.62e-010 s                 ; 2.44e-010 s                 ; Yes                        ; Yes                        ; 2.62 V                      ; 3.29e-009 V                 ; 2.75 V             ; -0.0547 V          ; 0.165 V                             ; 0.083 V                             ; 2.62e-010 s                ; 2.44e-010 s                ; Yes                       ; Yes                       ;
; out[4]        ; 2.5 V        ; 0 s                 ; 0 s                 ; 2.62 V                       ; 2.17e-009 V                  ; 2.73 V              ; -0.0555 V           ; 0.287 V                              ; 0.073 V                              ; 2.99e-010 s                 ; 3.3e-010 s                  ; No                         ; Yes                        ; 2.62 V                      ; 2.17e-009 V                 ; 2.73 V             ; -0.0555 V          ; 0.287 V                             ; 0.073 V                             ; 2.99e-010 s                ; 3.3e-010 s                 ; No                        ; Yes                       ;
; out[5]        ; 2.5 V        ; 0 s                 ; 0 s                 ; 2.62 V                       ; 2.17e-009 V                  ; 2.73 V              ; -0.0555 V           ; 0.287 V                              ; 0.073 V                              ; 2.99e-010 s                 ; 3.3e-010 s                  ; No                         ; Yes                        ; 2.62 V                      ; 2.17e-009 V                 ; 2.73 V             ; -0.0555 V          ; 0.287 V                             ; 0.073 V                             ; 2.99e-010 s                ; 3.3e-010 s                 ; No                        ; Yes                       ;
; out[6]        ; 2.5 V        ; 0 s                 ; 0 s                 ; 2.62 V                       ; 2.17e-009 V                  ; 2.73 V              ; -0.0555 V           ; 0.287 V                              ; 0.073 V                              ; 2.99e-010 s                 ; 3.3e-010 s                  ; No                         ; Yes                        ; 2.62 V                      ; 2.17e-009 V                 ; 2.73 V             ; -0.0555 V          ; 0.287 V                             ; 0.073 V                             ; 2.99e-010 s                ; 3.3e-010 s                 ; No                        ; Yes                       ;
; out[7]        ; 2.5 V        ; 0 s                 ; 0 s                 ; 2.62 V                       ; 3.29e-009 V                  ; 2.75 V              ; -0.0547 V           ; 0.165 V                              ; 0.083 V                              ; 2.62e-010 s                 ; 2.44e-010 s                 ; Yes                        ; Yes                        ; 2.62 V                      ; 3.29e-009 V                 ; 2.75 V             ; -0.0547 V          ; 0.165 V                             ; 0.083 V                             ; 2.62e-010 s                ; 2.44e-010 s                ; Yes                       ; Yes                       ;
; out[8]        ; 2.5 V        ; 0 s                 ; 0 s                 ; 2.62 V                       ; 2.17e-009 V                  ; 2.73 V              ; -0.0555 V           ; 0.287 V                              ; 0.073 V                              ; 2.99e-010 s                 ; 3.3e-010 s                  ; No                         ; Yes                        ; 2.62 V                      ; 2.17e-009 V                 ; 2.73 V             ; -0.0555 V          ; 0.287 V                             ; 0.073 V                             ; 2.99e-010 s                ; 3.3e-010 s                 ; No                        ; Yes                       ;
; out[9]        ; 2.5 V        ; 0 s                 ; 0 s                 ; 2.62 V                       ; 3.29e-009 V                  ; 2.75 V              ; -0.0547 V           ; 0.165 V                              ; 0.083 V                              ; 2.62e-010 s                 ; 2.44e-010 s                 ; Yes                        ; Yes                        ; 2.62 V                      ; 3.29e-009 V                 ; 2.75 V             ; -0.0547 V          ; 0.165 V                             ; 0.083 V                             ; 2.62e-010 s                ; 2.44e-010 s                ; Yes                       ; Yes                       ;
; out[10]       ; 2.5 V        ; 0 s                 ; 0 s                 ; 2.62 V                       ; 3.29e-009 V                  ; 2.75 V              ; -0.0547 V           ; 0.165 V                              ; 0.083 V                              ; 2.62e-010 s                 ; 2.44e-010 s                 ; Yes                        ; Yes                        ; 2.62 V                      ; 3.29e-009 V                 ; 2.75 V             ; -0.0547 V          ; 0.165 V                             ; 0.083 V                             ; 2.62e-010 s                ; 2.44e-010 s                ; Yes                       ; Yes                       ;
; out[11]       ; 2.5 V        ; 0 s                 ; 0 s                 ; 2.62 V                       ; 2.17e-009 V                  ; 2.73 V              ; -0.0555 V           ; 0.287 V                              ; 0.073 V                              ; 2.99e-010 s                 ; 3.3e-010 s                  ; No                         ; Yes                        ; 2.62 V                      ; 2.17e-009 V                 ; 2.73 V             ; -0.0555 V          ; 0.287 V                             ; 0.073 V                             ; 2.99e-010 s                ; 3.3e-010 s                 ; No                        ; Yes                       ;
; out[12]       ; 2.5 V        ; 0 s                 ; 0 s                 ; 2.62 V                       ; 2.17e-009 V                  ; 2.75 V              ; -0.0562 V           ; 0.172 V                              ; 0.081 V                              ; 2.62e-010 s                 ; 2.39e-010 s                 ; No                         ; Yes                        ; 2.62 V                      ; 2.17e-009 V                 ; 2.75 V             ; -0.0562 V          ; 0.172 V                             ; 0.081 V                             ; 2.62e-010 s                ; 2.39e-010 s                ; No                        ; Yes                       ;
; out[13]       ; 2.5 V        ; 0 s                 ; 0 s                 ; 2.62 V                       ; 3.29e-009 V                  ; 2.75 V              ; -0.0547 V           ; 0.165 V                              ; 0.083 V                              ; 2.62e-010 s                 ; 2.44e-010 s                 ; Yes                        ; Yes                        ; 2.62 V                      ; 3.29e-009 V                 ; 2.75 V             ; -0.0547 V          ; 0.165 V                             ; 0.083 V                             ; 2.62e-010 s                ; 2.44e-010 s                ; Yes                       ; Yes                       ;
; out[14]       ; 2.5 V        ; 0 s                 ; 0 s                 ; 2.62 V                       ; 3.29e-009 V                  ; 2.75 V              ; -0.0547 V           ; 0.165 V                              ; 0.083 V                              ; 2.62e-010 s                 ; 2.44e-010 s                 ; Yes                        ; Yes                        ; 2.62 V                      ; 3.29e-009 V                 ; 2.75 V             ; -0.0547 V          ; 0.165 V                             ; 0.083 V                             ; 2.62e-010 s                ; 2.44e-010 s                ; Yes                       ; Yes                       ;
; out[15]       ; 2.5 V        ; 0 s                 ; 0 s                 ; 2.62 V                       ; 3.29e-009 V                  ; 2.65 V              ; -0.0152 V           ; 0.207 V                              ; 0.18 V                               ; 2.16e-009 s                 ; 2.03e-009 s                 ; No                         ; Yes                        ; 2.62 V                      ; 3.29e-009 V                 ; 2.65 V             ; -0.0152 V          ; 0.207 V                             ; 0.18 V                              ; 2.16e-009 s                ; 2.03e-009 s                ; No                        ; Yes                       ;
; outb[0]       ; 2.5 V        ; 0 s                 ; 0 s                 ; 2.62 V                       ; 3.29e-009 V                  ; 2.75 V              ; -0.0547 V           ; 0.165 V                              ; 0.083 V                              ; 2.62e-010 s                 ; 2.44e-010 s                 ; Yes                        ; Yes                        ; 2.62 V                      ; 3.29e-009 V                 ; 2.75 V             ; -0.0547 V          ; 0.165 V                             ; 0.083 V                             ; 2.62e-010 s                ; 2.44e-010 s                ; Yes                       ; Yes                       ;
; outb[1]       ; 2.5 V        ; 0 s                 ; 0 s                 ; 2.62 V                       ; 3.29e-009 V                  ; 2.75 V              ; -0.0547 V           ; 0.165 V                              ; 0.083 V                              ; 2.62e-010 s                 ; 2.44e-010 s                 ; Yes                        ; Yes                        ; 2.62 V                      ; 3.29e-009 V                 ; 2.75 V             ; -0.0547 V          ; 0.165 V                             ; 0.083 V                             ; 2.62e-010 s                ; 2.44e-010 s                ; Yes                       ; Yes                       ;
; outb[2]       ; 2.5 V        ; 0 s                 ; 0 s                 ; 2.62 V                       ; 3.29e-009 V                  ; 2.75 V              ; -0.0547 V           ; 0.165 V                              ; 0.083 V                              ; 2.62e-010 s                 ; 2.44e-010 s                 ; Yes                        ; Yes                        ; 2.62 V                      ; 3.29e-009 V                 ; 2.75 V             ; -0.0547 V          ; 0.165 V                             ; 0.083 V                             ; 2.62e-010 s                ; 2.44e-010 s                ; Yes                       ; Yes                       ;
; outb[3]       ; 2.5 V        ; 0 s                 ; 0 s                 ; 2.62 V                       ; 2.17e-009 V                  ; 2.73 V              ; -0.0555 V           ; 0.287 V                              ; 0.073 V                              ; 2.99e-010 s                 ; 3.3e-010 s                  ; No                         ; Yes                        ; 2.62 V                      ; 2.17e-009 V                 ; 2.73 V             ; -0.0555 V          ; 0.287 V                             ; 0.073 V                             ; 2.99e-010 s                ; 3.3e-010 s                 ; No                        ; Yes                       ;
; outb[4]       ; 2.5 V        ; 0 s                 ; 0 s                 ; 2.62 V                       ; 3.29e-009 V                  ; 2.75 V              ; -0.0547 V           ; 0.165 V                              ; 0.083 V                              ; 2.62e-010 s                 ; 2.44e-010 s                 ; Yes                        ; Yes                        ; 2.62 V                      ; 3.29e-009 V                 ; 2.75 V             ; -0.0547 V          ; 0.165 V                             ; 0.083 V                             ; 2.62e-010 s                ; 2.44e-010 s                ; Yes                       ; Yes                       ;
; outb[5]       ; 2.5 V        ; 0 s                 ; 0 s                 ; 2.62 V                       ; 3.29e-009 V                  ; 2.75 V              ; -0.0547 V           ; 0.165 V                              ; 0.083 V                              ; 2.62e-010 s                 ; 2.44e-010 s                 ; Yes                        ; Yes                        ; 2.62 V                      ; 3.29e-009 V                 ; 2.75 V             ; -0.0547 V          ; 0.165 V                             ; 0.083 V                             ; 2.62e-010 s                ; 2.44e-010 s                ; Yes                       ; Yes                       ;
; outb[6]       ; 2.5 V        ; 0 s                 ; 0 s                 ; 2.62 V                       ; 3.29e-009 V                  ; 2.75 V              ; -0.0547 V           ; 0.165 V                              ; 0.083 V                              ; 2.62e-010 s                 ; 2.44e-010 s                 ; Yes                        ; Yes                        ; 2.62 V                      ; 3.29e-009 V                 ; 2.75 V             ; -0.0547 V          ; 0.165 V                             ; 0.083 V                             ; 2.62e-010 s                ; 2.44e-010 s                ; Yes                       ; Yes                       ;
; outb[7]       ; 2.5 V        ; 0 s                 ; 0 s                 ; 2.62 V                       ; 2.17e-009 V                  ; 2.73 V              ; -0.0555 V           ; 0.287 V                              ; 0.073 V                              ; 2.99e-010 s                 ; 3.3e-010 s                  ; No                         ; Yes                        ; 2.62 V                      ; 2.17e-009 V                 ; 2.73 V             ; -0.0555 V          ; 0.287 V                             ; 0.073 V                             ; 2.99e-010 s                ; 3.3e-010 s                 ; No                        ; Yes                       ;
; outb[8]       ; 2.5 V        ; 0 s                 ; 0 s                 ; 2.62 V                       ; 2.17e-009 V                  ; 2.73 V              ; -0.0555 V           ; 0.287 V                              ; 0.073 V                              ; 2.99e-010 s                 ; 3.3e-010 s                  ; No                         ; Yes                        ; 2.62 V                      ; 2.17e-009 V                 ; 2.73 V             ; -0.0555 V          ; 0.287 V                             ; 0.073 V                             ; 2.99e-010 s                ; 3.3e-010 s                 ; No                        ; Yes                       ;
; outb[9]       ; 2.5 V        ; 0 s                 ; 0 s                 ; 2.62 V                       ; 3.29e-009 V                  ; 2.75 V              ; -0.0547 V           ; 0.165 V                              ; 0.083 V                              ; 2.62e-010 s                 ; 2.44e-010 s                 ; Yes                        ; Yes                        ; 2.62 V                      ; 3.29e-009 V                 ; 2.75 V             ; -0.0547 V          ; 0.165 V                             ; 0.083 V                             ; 2.62e-010 s                ; 2.44e-010 s                ; Yes                       ; Yes                       ;
; outb[10]      ; 2.5 V        ; 0 s                 ; 0 s                 ; 2.62 V                       ; 3.29e-009 V                  ; 2.75 V              ; -0.0547 V           ; 0.165 V                              ; 0.083 V                              ; 2.62e-010 s                 ; 2.44e-010 s                 ; Yes                        ; Yes                        ; 2.62 V                      ; 3.29e-009 V                 ; 2.75 V             ; -0.0547 V          ; 0.165 V                             ; 0.083 V                             ; 2.62e-010 s                ; 2.44e-010 s                ; Yes                       ; Yes                       ;
; outb[11]      ; 2.5 V        ; 0 s                 ; 0 s                 ; 2.62 V                       ; 2.17e-009 V                  ; 2.73 V              ; -0.0555 V           ; 0.287 V                              ; 0.073 V                              ; 2.99e-010 s                 ; 3.3e-010 s                  ; No                         ; Yes                        ; 2.62 V                      ; 2.17e-009 V                 ; 2.73 V             ; -0.0555 V          ; 0.287 V                             ; 0.073 V                             ; 2.99e-010 s                ; 3.3e-010 s                 ; No                        ; Yes                       ;
; outb[12]      ; 2.5 V        ; 0 s                 ; 0 s                 ; 2.62 V                       ; 3.29e-009 V                  ; 2.75 V              ; -0.0547 V           ; 0.165 V                              ; 0.083 V                              ; 2.62e-010 s                 ; 2.44e-010 s                 ; Yes                        ; Yes                        ; 2.62 V                      ; 3.29e-009 V                 ; 2.75 V             ; -0.0547 V          ; 0.165 V                             ; 0.083 V                             ; 2.62e-010 s                ; 2.44e-010 s                ; Yes                       ; Yes                       ;
; outb[13]      ; 2.5 V        ; 0 s                 ; 0 s                 ; 2.62 V                       ; 3.29e-009 V                  ; 2.75 V              ; -0.0547 V           ; 0.165 V                              ; 0.083 V                              ; 2.62e-010 s                 ; 2.44e-010 s                 ; Yes                        ; Yes                        ; 2.62 V                      ; 3.29e-009 V                 ; 2.75 V             ; -0.0547 V          ; 0.165 V                             ; 0.083 V                             ; 2.62e-010 s                ; 2.44e-010 s                ; Yes                       ; Yes                       ;
; outb[14]      ; 2.5 V        ; 0 s                 ; 0 s                 ; 2.62 V                       ; 2.17e-009 V                  ; 2.73 V              ; -0.0555 V           ; 0.287 V                              ; 0.073 V                              ; 2.99e-010 s                 ; 3.3e-010 s                  ; No                         ; Yes                        ; 2.62 V                      ; 2.17e-009 V                 ; 2.73 V             ; -0.0555 V          ; 0.287 V                             ; 0.073 V                             ; 2.99e-010 s                ; 3.3e-010 s                 ; No                        ; Yes                       ;
; outb[15]      ; 2.5 V        ; 0 s                 ; 0 s                 ; 2.62 V                       ; 2.17e-009 V                  ; 2.73 V              ; -0.0555 V           ; 0.287 V                              ; 0.073 V                              ; 2.99e-010 s                 ; 3.3e-010 s                  ; No                         ; Yes                        ; 2.62 V                      ; 2.17e-009 V                 ; 2.73 V             ; -0.0555 V          ; 0.287 V                             ; 0.073 V                             ; 2.99e-010 s                ; 3.3e-010 s                 ; No                        ; Yes                       ;
; ~ALTERA_DCLK~ ; 2.5 V        ; 0 s                 ; 0 s                 ; 2.62 V                       ; 1.64e-009 V                  ; 2.79 V              ; -0.0525 V           ; 0.191 V                              ; 0.064 V                              ; 2.64e-010 s                 ; 1.96e-010 s                 ; No                         ; Yes                        ; 2.62 V                      ; 1.64e-009 V                 ; 2.79 V             ; -0.0525 V          ; 0.191 V                             ; 0.064 V                             ; 2.64e-010 s                ; 1.96e-010 s                ; No                        ; Yes                       ;
; ~ALTERA_nCEO~ ; 2.5 V        ; 0 s                 ; 0 s                 ; 2.62 V                       ; 2.87e-009 V                  ; 2.73 V              ; -0.018 V            ; 0.231 V                              ; 0.029 V                              ; 2.89e-010 s                 ; 4.53e-010 s                 ; Yes                        ; Yes                        ; 2.62 V                      ; 2.87e-009 V                 ; 2.73 V             ; -0.018 V           ; 0.231 V                             ; 0.029 V                             ; 2.89e-010 s                ; 4.53e-010 s                ; Yes                       ; Yes                       ;
+---------------+--------------+---------------------+---------------------+------------------------------+------------------------------+---------------------+---------------------+--------------------------------------+--------------------------------------+-----------------------------+-----------------------------+----------------------------+----------------------------+-----------------------------+-----------------------------+--------------------+--------------------+-------------------------------------+-------------------------------------+----------------------------+----------------------------+---------------------------+---------------------------+


-------------------
; Clock Transfers ;
-------------------
No clock transfers to report.


---------------
; Report TCCS ;
---------------
No dedicated SERDES Transmitter circuitry present in device or used in design.


---------------
; Report RSKM ;
---------------
No dedicated SERDES Receiver circuitry present in device or used in design.


+------------------------------------------------+
; Unconstrained Paths                            ;
+---------------------------------+-------+------+
; Property                        ; Setup ; Hold ;
+---------------------------------+-------+------+
; Illegal Clocks                  ; 0     ; 0    ;
; Unconstrained Clocks            ; 0     ; 0    ;
; Unconstrained Input Ports       ; 14    ; 14   ;
; Unconstrained Input Port Paths  ; 21    ; 21   ;
; Unconstrained Output Ports      ; 14    ; 14   ;
; Unconstrained Output Port Paths ; 21    ; 21   ;
+---------------------------------+-------+------+


+------------------------------------+
; TimeQuest Timing Analyzer Messages ;
+------------------------------------+
Info: *******************************************************************
Info: Running Quartus II TimeQuest Timing Analyzer
    Info: Version 8.1 Build 163 10/28/2008 SJ Web Edition
    Info: Processing started: Fri Feb 17 19:48:50 2023
Info: Command: quartus_sta clock -c clock
Info: qsta_default_script.tcl version: #2
Critical Warning: Synopsys Design Constraints File file not found: 'clock.sdc'. A Synopsys Design Constraints File is required by the TimeQuest Timing Analyzer to get proper timing constraints. Without it, the Compiler will not properly optimize the design.
Info: No user constrained base clocks found in the design. Calling "derive_clocks -period 1.0"
Info: The command derive_clocks did not find any clocks to derive.  No clocks were created or changed.
Warning: No clocks defined in design.
Info: No clocks to report
Info: Analyzing Slow 1200mV 100C Model
Info: No fmax paths to report
Info: No setup paths to report
Info: No hold paths to report
Info: No recovery paths to report
Info: No removal paths to report
Warning: At least one of the filters had some problems and could not be matched.
    Warning: * could not be matched with a register.
Info: No minimum pulse width or minimum period width checks to report
Info: Analyzing Slow 1200mV -40C Model
Info: Started post-fitting delay annotation
Info: Delay annotation completed successfully
Info: No user constrained base clocks found in the design. Calling "derive_clocks -period 1.0"
Info: The command derive_clocks did not find any clocks to derive.  No clocks were created or changed.
Warning: No clocks defined in design.
Info: No fmax paths to report
Info: No setup paths to report
Info: No hold paths to report
Info: No recovery paths to report
Info: No removal paths to report
Warning: At least one of the filters had some problems and could not be matched.
    Warning: * could not be matched with a register.
Info: No minimum pulse width or minimum period width checks to report
Info: Analyzing Fast 1200mV -40C Model
Info: No user constrained base clocks found in the design. Calling "derive_clocks -period 1.0"
Info: The command derive_clocks did not find any clocks to derive.  No clocks were created or changed.
Warning: No clocks defined in design.
Info: No setup paths to report
Info: No hold paths to report
Info: No recovery paths to report
Info: No removal paths to report
Warning: At least one of the filters had some problems and could not be matched.
    Warning: * could not be matched with a register.
Info: No minimum pulse width or minimum period width checks to report
Info: Design is not fully constrained for setup requirements
Info: Design is not fully constrained for hold requirements
Info: Quartus II TimeQuest Timing Analyzer was successful. 0 errors, 10 warnings
    Info: Peak virtual memory: 280 megabytes
    Info: Processing ended: Fri Feb 17 19:48:52 2023
    Info: Elapsed time: 00:00:02
    Info: Total CPU time (on all processors): 00:00:01


