Flow report for clock
Tue Feb 14 14:28:39 2023
Quartus II Version 8.1 Build 163 10/28/2008 SJ Web Edition


---------------------
; Table of Contents ;
---------------------
  1. Legal Notice
  2. Flow Summary
  3. Flow Settings
  4. Flow Non-Default Global Settings
  5. Flow Elapsed Time
  6. Flow OS Summary
  7. Flow Log



----------------
; Legal Notice ;
----------------
Copyright (C) 1991-2008 Altera Corporation
Your use of Altera Corporation's design tools, logic functions 
and other software and tools, and its AMPP partner logic 
functions, and any output files from any of the foregoing 
(including device programming or simulation files), and any 
associated documentation or information are expressly subject 
to the terms and conditions of the Altera Program License 
Subscription Agreement, Altera MegaCore Function License 
Agreement, or other applicable license agreement, including, 
without limitation, that your use is for the sole purpose of 
programming logic devices manufactured by Altera and sold by 
Altera or its authorized distributors.  Please refer to the 
applicable agreement for further details.



+------------------------------------------------------------------------------+
; Flow Summary                                                                 ;
+------------------------------------+-----------------------------------------+
; Flow Status                        ; Successful - Tue Feb 14 14:28:37 2023   ;
; Quartus II Version                 ; 8.1 Build 163 10/28/2008 SJ Web Edition ;
; Revision Name                      ; clock                                   ;
; Top-level Entity Name              ; tutorial_a                              ;
; Family                             ; Cyclone III                             ;
; Device                             ; EP3C120F780I7                           ;
; Timing Models                      ; Final                                   ;
; Met timing requirements            ; N/A                                     ;
; Total logic elements               ; 24 / 119,088 ( < 1 % )                  ;
;     Total combinational functions  ; 24 / 119,088 ( < 1 % )                  ;
;     Dedicated logic registers      ; 0 / 119,088 ( 0 % )                     ;
; Total registers                    ; 0                                       ;
; Total pins                         ; 48 / 532 ( 9 % )                        ;
; Total virtual pins                 ; 0                                       ;
; Total memory bits                  ; 0 / 3,981,312 ( 0 % )                   ;
; Embedded Multiplier 9-bit elements ; 0 / 576 ( 0 % )                         ;
; Total PLLs                         ; 0 / 4 ( 0 % )                           ;
+------------------------------------+-----------------------------------------+


+-----------------------------------------+
; Flow Settings                           ;
+-------------------+---------------------+
; Option            ; Setting             ;
+-------------------+---------------------+
; Start date & time ; 02/14/2023 14:28:23 ;
; Main task         ; Compilation         ;
; Revision Name     ; clock               ;
+-------------------+---------------------+


+----------------------------------------------------------------------------------------------------------------------+
; Flow Non-Default Global Settings                                                                                     ;
+-------------------------------------+---------------------------------+---------------+-------------+----------------+
; Assignment Name                     ; Value                           ; Default Value ; Entity Name ; Section Id     ;
+-------------------------------------+---------------------------------+---------------+-------------+----------------+
; COMPILER_SIGNATURE_ID               ; 277302806789726.167635970309428 ; --            ; --          ; --             ;
; ENABLE_ADVANCED_IO_TIMING           ; On                              ; --            ; --          ; --             ;
; IP_TOOL_NAME                        ; PARALLEL_ADD                    ; --            ; --          ; --             ;
; IP_TOOL_VERSION                     ; 8.1                             ; --            ; --          ; --             ;
; MAX_CORE_JUNCTION_TEMP              ; 100                             ; --            ; --          ; --             ;
; MIN_CORE_JUNCTION_TEMP              ; -40                             ; --            ; --          ; --             ;
; MISC_FILE                           ; D:/SE/RISCV/quartus/clock.dpf   ; --            ; --          ; --             ;
; MISC_FILE                           ; parallel_add0.tdf               ; --            ; --          ; --             ;
; MISC_FILE                           ; parallel_add0.bsf               ; --            ; --          ; --             ;
; MISC_FILE                           ; parallel_add0.inc               ; --            ; --          ; --             ;
; NOMINAL_CORE_SUPPLY_VOLTAGE         ; 1.2V                            ; --            ; --          ; --             ;
; PARTITION_COLOR                     ; 16764057                        ; --            ; tutorial_a  ; Top            ;
; PARTITION_FITTER_PRESERVATION_LEVEL ; PLACEMENT_AND_ROUTING           ; --            ; tutorial_a  ; Top            ;
; PARTITION_NETLIST_TYPE              ; SOURCE                          ; --            ; tutorial_a  ; Top            ;
; TOP_LEVEL_ENTITY                    ; tutorial_a                      ; clock         ; --          ; --             ;
; USE_GENERATED_PHYSICAL_CONSTRAINTS  ; Off                             ; --            ; --          ; eda_blast_fpga ;
+-------------------------------------+---------------------------------+---------------+-------------+----------------+


+-------------------------------------------------------------------------------------------------------------------------------+
; Flow Elapsed Time                                                                                                             ;
+---------------------------+--------------+-------------------------+---------------------+------------------------------------+
; Module Name               ; Elapsed Time ; Average Processors Used ; Peak Virtual Memory ; Total CPU Time (on all processors) ;
+---------------------------+--------------+-------------------------+---------------------+------------------------------------+
; Analysis & Synthesis      ; 00:00:00     ; 1.0                     ; 223 MB              ; 00:00:00                           ;
; Fitter                    ; 00:00:09     ; 1.0                     ; 391 MB              ; 00:00:09                           ;
; Assembler                 ; 00:00:03     ; 1.0                     ; 441 MB              ; 00:00:03                           ;
; TimeQuest Timing Analyzer ; 00:00:01     ; 1.0                     ; 280 MB              ; 00:00:01                           ;
; Total                     ; 00:00:13     ; --                      ; --                  ; 00:00:13                           ;
+---------------------------+--------------+-------------------------+---------------------+------------------------------------+


+--------------------------------------------------------------------------------------------+
; Flow OS Summary                                                                            ;
+---------------------------+------------------+---------------+------------+----------------+
; Module Name               ; Machine Hostname ; OS Name       ; OS Version ; Processor type ;
+---------------------------+------------------+---------------+------------+----------------+
; Analysis & Synthesis      ; DESKTOP-6GVNV2D  ; Windows Vista ; 6.2        ; x86_64         ;
; Fitter                    ; DESKTOP-6GVNV2D  ; Windows Vista ; 6.2        ; x86_64         ;
; Assembler                 ; DESKTOP-6GVNV2D  ; Windows Vista ; 6.2        ; x86_64         ;
; TimeQuest Timing Analyzer ; DESKTOP-6GVNV2D  ; Windows Vista ; 6.2        ; x86_64         ;
+---------------------------+------------------+---------------+------------+----------------+


------------
; Flow Log ;
------------
quartus_map --read_settings_files=on --write_settings_files=off clock -c clock
quartus_fit --read_settings_files=off --write_settings_files=off clock -c clock
quartus_asm --read_settings_files=off --write_settings_files=off clock -c clock
quartus_sta clock -c clock



